** Note: accel-jit: params NUM_LANES=2 VX_gpu_pkg_ALU_TYPE_BITS=2 VX_gpu_pkg_BYTESEL_BITS=4 VX_gpu_pkg_INST_ARGS_BITS=27 VX_gpu_pkg_INST_FMT_BITS=2 VX_gpu_pkg_INST_FRM_BITS=3 VX_gpu_pkg_INST_OP_BITS=4 VX_gpu_pkg_NCTA_BITS=1 VX_gpu_pkg_NCTA_WIDTH=1 VX_gpu_pkg_NUM_CTA_MAX=2 VX_gpu_pk
** Note: accel-jit: synth 'alu_top' (top module 'alu_top') from 1 source(s)
** Note: accel-jit: synth 'alu_top' via rtlil builder (pid 305300)
** Warning: vhdl2rtlil: 'alu_top' declined (function VX_GPU_PKG_TO_FULLPC @?) â using the text path
** Note: accel-jit: rtlil builder declined 'alu_top' â text path
** Note: accel-jit: synth 'alu_top' running as in-process fork (pid 305304)
  chparam NUM_LANES = 2 on VX_gpu_pk
  chparam VX_gpu_pkg_ALU_TYPE_BITS = 2 on VX_gpu_pk
  chparam VX_gpu_pkg_BYTESEL_BITS = 4 on VX_gpu_pk
  chparam VX_gpu_pkg_INST_ARGS_BITS = 27 on VX_gpu_pk
  chparam VX_gpu_pkg_INST_FMT_BITS = 2 on VX_gpu_pk
  chparam VX_gpu_pkg_INST_FRM_BITS = 3 on VX_gpu_pk
  chparam VX_gpu_pkg_INST_OP_BITS = 4 on VX_gpu_pk
  chparam VX_gpu_pkg_NCTA_BITS = 1 on VX_gpu_pk
  chparam VX_gpu_pkg_NCTA_WIDTH = 1 on VX_gpu_pk
  chparam VX_gpu_pkg_NUM_CTA_MAX = 2 on VX_gpu_pk
ERROR: Module `VX_gpu_pk' not found!
ERROR: Module `VX_gpu_pk' not found!
gen_statemachine: yosys pass error — declining
** Note: accel-jit: synth failed for 'alu_top' â leaving in nvc
** Note: accel-jit: params DATAW=39 DEPTH=1 INIT_VALUE=0 RESETW=1
** Note: accel-jit: synth 'vx_pipe_register' (top module 'vx_pipe_register') from 1 source(s)
** Note: accel-jit: synth 'vx_pipe_register' via rtlil builder (pid 305330)
** Warning: vhdl2rtlil: 'vx_pipe_register' declined (proc-extra-stmt@cont-rhs) â using the text path
** Note: accel-jit: rtlil builder declined 'vx_pipe_register' â text path
** Note: accel-jit: synth 'vx_pipe_register' running as in-process fork (pid 305331)
  chparam DATAW = 39 on vx_pipe_register
  chparam DEPTH = 1 on vx_pipe_register
  chparam INIT_VALUE = 0 on vx_pipe_register
  chparam RESETW = 1 on vx_pipe_register
ERROR: Module `vx_pipe_register' not found!
ERROR: Module `vx_pipe_register' not found!
gen_statemachine: yosys pass error — declining
** Note: accel-jit: synth failed for 'vx_pipe_register' â leaving in nvc
** Note: accel-jit: params LN=1 MODEL=1 N=2 REVERSE=1
** Note: accel-jit: synth 'vx_priority_encoder' (top module 'vx_priority_encoder') from 1 source(s)
** Note: accel-jit: synth 'vx_priority_encoder' via rtlil builder (pid 305349)
2.1. Executing PROC_CLEAN pass (remove empty switches from decision trees).
2.2. Executing PROC_RMDEAD pass (remove dead branches from decision trees).
2.3. Executing PROC_PRUNE pass (remove redundant assignments in processes).
