OpenROAD 26Q3-2260-ge2787ffca2 
Features included (+) or not (-): +GPU +GUI +Python
This program is licensed under the BSD-3 license. See the LICENSE file for details.
Components of this program may be licensed under more restrictive licenses which must be honored.
[INFO ODB-0227] LEF file: /usr/local/src/IHP-Open-PDK/ihp-sg13g2/libs.ref/sg13g2_stdcell/lef/sg13g2_tech.lef, created 19 layers, 70 vias
[INFO ODB-0227] LEF file: /usr/local/src/IHP-Open-PDK/ihp-sg13g2/libs.ref/sg13g2_stdcell/lef/sg13g2_stdcell.lef, created 84 library cells
[INFO IFP-0107] Defining die area using utilization: 45.00% and aspect ratio: 1.
[WARNING IFP-0028] Core area lower left (5.000, 5.000) snapped to (5.280, 7.560).
[INFO IFP-0001] Added 86 rows of 689 site CoreSite.
[INFO IFP-0100] Die BBox:  (  0.000  0.000 ) ( 341.035 341.035 ) um
[INFO IFP-0101] Core BBox: (  5.280  7.560 ) ( 336.000 332.640 ) um
[INFO IFP-0102] Core area:                       107510.458 um^2
[INFO IFP-0103] Total instances area:             49313.578 um^2
[INFO IFP-0104] Effective utilization:                0.459
[INFO IFP-0105] Number of instances:                   4215
Found 0 macro blocks.
Using 2 tracks default min distance between IO pins.
[INFO PPL-0001] Number of available slots 1506
[INFO PPL-0002] Number of I/O             434
[INFO PPL-0003] Number of I/O w/sink      430
[INFO PPL-0004] Number of I/O w/o sink    4
[INFO PPL-0005] Slots per section         200
[INFO PPL-0008] Successfully assigned pins to sections.
[INFO PPL-0012] I/O nets HPWL: 103395.68 um.
[INFO GPL-0001] ---- Initialize GPL Main Data Structures
[INFO GPL-0002] DBU: 1000
[INFO GPL-0003] SiteSize: (  0.480  3.780 ) um
[INFO GPL-0004] CoreBBox: (  5.280  7.560 ) ( 336.000 332.640 ) um
[INFO GPL-0016] Core area:                  107510.458 um^2
[INFO GPL-0036] Movable instances area:      49313.578 um^2
[INFO GPL-0037] Total instances area:        49313.578 um^2
[INFO GPL-0035] Pin density area adjust:      7714.236 um^2
[INFO GPL-0032] ---- Initialize Region: Top-level
[INFO GPL-0006] Number of instances:              4215
[INFO GPL-0007] Movable instances:                4215
[INFO GPL-0008] Fixed instances:                     0
[INFO GPL-0009] Dummy instances:                     0
[INFO GPL-0010] Number of nets:                   4529
[INFO GPL-0011] Number of pins:                  15895
[INFO GPL-0012] Die BBox:       (  0.000  0.000 ) ( 341.035 341.035 ) um
[INFO GPL-0013] Placement BBox: (  5.280  7.560 ) ( 336.000 332.640 ) um
[INFO GPL-0014] Region name: top-level.
[INFO GPL-0015] Region area:                107510.458 um^2
[INFO GPL-0017] Fixed instances area:            0.000 um^2
[INFO GPL-0018] Movable instances area:      57027.813 um^2
[INFO GPL-0019] Utilization:                    53.044 %
[INFO GPL-0020] Standard cells area:         57027.813 um^2
[INFO GPL-0021] Large instances area:            0.000 um^2
[INFO GPL-0005] ---- Execute Conjugate Gradient Initial Placement.
[INFO GPL-0051] Source of initial instance position counters:
	Odb location = 0	Core center = 4215	Region center = 0
[InitialPlace]  Iter: 1 conjugate gradient residual: 0.00000009 HPWL: 173051920
[InitialPlace]  Iter: 2 conjugate gradient residual: 0.00000026 HPWL: 137893058
[InitialPlace]  Iter: 3 conjugate gradient residual: 0.00000011 HPWL: 137651519
[InitialPlace]  Iter: 4 conjugate gradient residual: 0.00000018 HPWL: 137493511
[InitialPlace]  Iter: 5 conjugate gradient residual: 0.00000011 HPWL: 137164975
[INFO GPL-0033] ---- Initialize Nesterov Region: Top-level
[INFO GPL-0023] Placement target density:       0.5500
[INFO GPL-0024] Movable insts average area:     13.530 um^2
[INFO GPL-0025] Ideal bin area:                 24.600 um^2
[INFO GPL-0026] Ideal bin count:                  4370
[INFO GPL-0027] Total bin area:             107510.458 um^2
[INFO GPL-0028] Bin count (X, Y):          64 ,     64
[INFO GPL-0029] Bin size (W * H):       5.168 *  5.079 um
[INFO GPL-0030] Number of bins:                   4096
[INFO GPL-0084] ---- Execute Nesterov Global Placement.
[INFO GPL-0031] HPWL: Half-Perimeter Wirelength
Iteration | Overflow |     HPWL (um) |  HPWL(%) |   Penalty | Group
---------------------------------------------------------------
        0 |   0.9536 |  1.198413e+05 |   +0.00% |  3.24e-15 |      
       10 |   0.8929 |  1.443886e+05 |  +20.48% |  5.26e-15 |      
       20 |   0.8922 |  1.455063e+05 |   +0.77% |  8.57e-15 |      
       30 |   0.8922 |  1.451647e+05 |   -0.23% |  1.40e-14 |      
       40 |   0.8911 |  1.449989e+05 |   -0.11% |  2.27e-14 |      
       50 |   0.8892 |  1.451913e+05 |   +0.13% |  3.70e-14 |      
       60 |   0.8884 |  1.453417e+05 |   +0.10% |  6.03e-14 |      
       70 |   0.8888 |  1.452894e+05 |   -0.04% |  9.83e-14 |      
       80 |   0.8898 |  1.452130e+05 |   -0.05% |  1.60e-13 |      
       90 |   0.8903 |  1.452283e+05 |   +0.01% |  2.61e-13 |      
      100 |   0.8903 |  1.452971e+05 |   +0.05% |  4.25e-13 |      
      110 |   0.8900 |  1.454289e+05 |   +0.09% |  6.92e-13 |      
      120 |   0.8895 |  1.456779e+05 |   +0.17% |  1.13e-12 |      
      130 |   0.8884 |  1.460680e+05 |   +0.27% |  1.84e-12 |      
      140 |   0.8870 |  1.466524e+05 |   +0.40% |  2.99e-12 |      
      150 |   0.8851 |  1.475578e+05 |   +0.62% |  4.87e-12 |      
      160 |   0.8816 |  1.489749e+05 |   +0.96% |  7.93e-12 |      
      170 |   0.8772 |  1.511036e+05 |   +1.43% |  1.29e-11 |      
      180 |   0.8695 |  1.541592e+05 |   +2.02% |  2.10e-11 |      
      190 |   0.8585 |  1.582695e+05 |   +2.67% |  3.42e-11 |      
      200 |   0.8424 |  1.632731e+05 |   +3.16% |  5.57e-11 |      
      210 |   0.8206 |  1.689267e+05 |   +3.46% |  9.07e-11 |      
      220 |   0.7916 |  1.749032e+05 |   +3.54% |  1.48e-10 |      
      230 |   0.7495 |  1.802634e+05 |   +3.06% |  2.40e-10 |      
      240 |   0.7052 |  1.844044e+05 |   +2.30% |  3.92e-10 |      
      250 |   0.6521 |  1.888963e+05 |   +2.44% |  6.37e-10 |      
      260 |   0.5912 |  1.923525e+05 |   +1.83% |  1.04e-09 |      
      270 |   0.5174 |  1.962000e+05 |   +2.00% |  1.69e-09 |      
      280 |   0.4595 |  2.015853e+05 |   +2.74% |  2.75e-09 |      
      290 |   0.3989 |  2.084904e+05 |   +3.43% |  4.48e-09 |      
      300 |   0.3528 |  2.122769e+05 |   +1.82% |  7.29e-09 |      
      310 |   0.3229 |  2.156246e+05 |   +1.58% |  1.11e-08 |      
      320 |   0.3029 |  2.171334e+05 |   +0.70% |  1.63e-08 |      
      330 |   0.2773 |  2.180043e+05 |   +0.40% |  2.40e-08 |      
      340 |   0.2528 |  2.187438e+05 |   +0.34% |  3.54e-08 |      
      350 |   0.2258 |  2.192183e+05 |   +0.22% |  5.21e-08 |      
      360 |   0.2023 |  2.195367e+05 |   +0.15% |  7.67e-08 |      
      370 |   0.1793 |  2.198218e+05 |   +0.13% |  1.13e-07 |      
      380 |   0.1594 |  2.201519e+05 |   +0.15% |  1.67e-07 |      
      390 |   0.1430 |  2.204988e+05 |   +0.16% |  2.45e-07 |      
      400 |   0.1251 |  2.208141e+05 |   +0.14% |  3.61e-07 |      
      410 |   0.1093 |  2.211609e+05 |   +0.16% |  5.32e-07 |      
      418 |   0.0991 |  2.214574e+05 |          |  7.54e-07 |      
---------------------------------------------------------------
[INFO GPL-1001] Global placement finished at iteration 418
[INFO GPL-1002] Placed Cell Area            57027.8134
[INFO GPL-1003] Available Free Area         107510.4576
[INFO GPL-1004] Minimum Feasible Density        0.5400 (cell_area / free_area)
[INFO GPL-1006]   Suggested Target Densities:
[INFO GPL-1007]     - For 90% usage of free space: 0.5894
[INFO GPL-1008]     - For 80% usage of free space: 0.6630
[INFO GPL-1014] Final placement area: 57027.81 (+0.00%)
[INFO GPL-1018] Final HPWL (um): 221542.23
########## REPAIR_DESIGN (DRV) ##########
Iteration |   Area    | Resized | Buffers | Nets repaired | Remaining
---------------------------------------------------------------------
        0 |     +0.0% |       0 |       0 |             0 |      4493
    final |    +10.3% |       0 |     699 |           152 |         0
---------------------------------------------------------------------
[INFO RSZ-0034] Found 3 slew violations.
[INFO RSZ-0035] Found 152 fanout violations.
[INFO RSZ-0038] Inserted 699 buffers in 152 nets.
[INFO RSZ-0504] Runtime: 0.74s
########## REPAIR_TIMING -setup (pre-CTS) ##########
[INFO RSZ-0100] Repair move sequence: UnbufferMove SizeUpMove SwapPinsMove BufferMove CloneMove SplitLoadMove 
[INFO RSZ-0098] No setup violations found
[INFO RSZ-0505] Runtime: 0.28s
[INFO DPL-0006] Core area: 107510.46 um^2
[INFO DPL-0007] Movable instances area: 54386.64 um^2
[INFO DPL-0008] Fixed instances area within core: 0.00 um^2
[INFO DPL-0009] Utilization: 50.6%
[INFO DPL-0005] Diamond search max displacement: +/- 500 sites horizontally, +/- 100 rows vertically.
[INFO DPL-1102] Legalizing using negotiation legalizer.
[INFO DPL-1103] Negotiation base search window: +/-20 sites horizontally, +/-5 rows vertically 
	Automatic search window extension enabled.
	Search window extendable up to the max displacement cap of +/-500 sites, +/-100 rows near walls.
[INFO DPL-1104] NegotiationLegalizer DRC penalty: 5.
[INFO DPL-0392] Negotiation cell height distribution (1 unique row-count(s)):
[INFO DPL-0393]   height 1 row(s): 4914 cells
          |      Total |  Illegal |  Illegal
Iteration | Violations |    Cells |    Sites
---------------------------------------------
        0 |       1298 |       426 |       872
        1 |         27 |         5 |        22
        2 |          0 |         0 |         0
Negotiation phase 1 converged at iteration 2.
[INFO DPL-0500] Runtime: 0.08s
Placement Analysis
---------------------------------
total displacement      16253.6 u
average displacement        3.3 u
max displacement           18.1 u
original HPWL          277718.1 u
legalized HPWL         284086.9 u
delta HPWL                    2 %

########## CTS ##########
[INFO CTS-0050] Root buffer is sg13g2_buf_16.
[INFO CTS-0051] Sink buffer is sg13g2_buf_2.
[INFO CTS-0052] The following clock buffers will be used for CTS:
                    sg13g2_buf_2
                    sg13g2_buf_4
                    sg13g2_buf_8
[INFO CTS-0049] Characterization buffer is sg13g2_buf_8.
[INFO CTS-0007] Net "clk" found for clock "clk".
[INFO CTS-0010]  Clock net "clk" has 188 sinks.
[INFO CTS-0008] TritonCTS found 1 clock nets.
[INFO CTS-0097] Characterization used 3 buffer(s) types.
[INFO CTS-0201] 0 blockages from hard placement blockages and placed macros will be used.
[INFO CTS-0027] Generating H-Tree topology for net clk.
[INFO CTS-0028]  Total number of sinks: 188.
[INFO CTS-0029]  Register sinks will be clustered in groups of up to 8 and with maximum cluster diameter of 60.0 um.
[INFO CTS-0030]  Number of static layers: 0.
[INFO CTS-0020]  Wire segment unit: 18900  dbu (18 um).
[INFO CTS-0023]  Original sink region: [(12000, 9240), (329760, 330960)].
[INFO CTS-0024]  Normalized sink region: [(0.634921, 0.488889), (17.4476, 17.5111)].
[INFO CTS-0025]     Width:  16.8127.
[INFO CTS-0026]     Height: 17.0222.
 Level 1
    Direction: Vertical
    Sinks per sub-region: 94
    Sub-region size: 16.8127 X 8.5111
[INFO CTS-0034]     Segment length (rounded): 4.
 Level 2
    Direction: Horizontal
    Sinks per sub-region: 47
    Sub-region size: 8.4063 X 8.5111
[INFO CTS-0034]     Segment length (rounded): 4.
 Level 3
    Direction: Vertical
    Sinks per sub-region: 24
    Sub-region size: 8.4063 X 4.2556
[INFO CTS-0034]     Segment length (rounded): 2.
 Level 4
    Direction: Horizontal
    Sinks per sub-region: 12
    Sub-region size: 4.2032 X 4.2556
[INFO CTS-0034]     Segment length (rounded): 2.
 Level 5
    Direction: Vertical
    Sinks per sub-region: 6
    Sub-region size: 4.2032 X 2.1278
[INFO CTS-0034]     Segment length (rounded): 1.
[INFO CTS-0038]  Stop criterion found. Sink region hpwl is smaller than max wirelength (16281.710 um) and max number of sinks is 8.
[INFO CTS-0035]  Number of sinks covered: 188.
[INFO CTS-0018]     Created 49 clock buffers.
[INFO CTS-0012]     Minimum number of buffers in the clock path: 3.
[INFO CTS-0013]     Maximum number of buffers in the clock path: 3.
[INFO CTS-0015]     Created 49 clock nets.
[INFO CTS-0016]     Fanout distribution for the current clock = 5:4, 6:28..
[INFO CTS-0017]     Max level of the clock tree: 5.
[INFO CTS-0098] Clock net "clk"
[INFO CTS-0099]  Sinks 192
[INFO CTS-0100]  Leaf buffers 0
[INFO CTS-0101]  Average sink wire length 492.95 um
[INFO CTS-0102]  Path depth 3 - 3
[INFO CTS-0207]  Dummy loads inserted 4
[INFO CTS-0500] Runtime: 5.98s
[INFO DPL-0006] Core area: 107510.46 um^2
[INFO DPL-0007] Movable instances area: 56282.69 um^2
[INFO DPL-0008] Fixed instances area within core: 0.00 um^2
[INFO DPL-0009] Utilization: 52.4%
[INFO DPL-0005] Diamond search max displacement: +/- 500 sites horizontally, +/- 100 rows vertically.
[INFO DPL-1102] Legalizing using negotiation legalizer.
[INFO DPL-1103] Negotiation base search window: +/-20 sites horizontally, +/-5 rows vertically 
	Automatic search window extension enabled.
	Search window extendable up to the max displacement cap of +/-500 sites, +/-100 rows near walls.
[INFO DPL-1104] NegotiationLegalizer DRC penalty: 5.
[INFO DPL-0392] Negotiation cell height distribution (1 unique row-count(s)):
[INFO DPL-0393]   height 1 row(s): 4967 cells
          |      Total |  Illegal |  Illegal
Iteration | Violations |    Cells |    Sites
---------------------------------------------
        0 |        331 |        53 |       278
        1 |          0 |         0 |         0
Negotiation phase 1 converged at iteration 1.
[INFO DPL-0500] Runtime: 0.06s
Placement Analysis
---------------------------------
total displacement        459.0 u
average displacement        0.1 u
max displacement           18.1 u
original HPWL          287752.8 u
legalized HPWL         287983.5 u
delta HPWL                    0 %

########## REPAIR_TIMING -setup (post-CTS) ##########
[INFO RSZ-0100] Repair move sequence: UnbufferMove SizeUpMove SwapPinsMove BufferMove CloneMove SplitLoadMove 
[INFO RSZ-0098] No setup violations found
[INFO RSZ-0505] Runtime: 0.32s
[INFO RSZ-0046] Found 78 endpoints with hold violations.
Iteration | Resized | Buffers | Cloned Gates |   Area   |   WNS   |   TNS   | Endpoint
--------------------------------------------------------------------------------------
        0 |       0 |       0 |            0 |    +0.0% |  -0.018 |  -0.018 | _8140_/D
    final |       0 |      80 |            0 |    +2.3% |   0.051 |   0.000 | _7975_/D
--------------------------------------------------------------------------------------
[INFO RSZ-0032] Inserted 80 hold buffers.
[INFO RSZ-0506] Runtime: 0.29s
[INFO DPL-0006] Core area: 107510.46 um^2
[INFO DPL-0007] Movable instances area: 57589.06 um^2
[INFO DPL-0008] Fixed instances area within core: 0.00 um^2
[INFO DPL-0009] Utilization: 53.6%
[INFO DPL-0005] Diamond search max displacement: +/- 500 sites horizontally, +/- 100 rows vertically.
[INFO DPL-1102] Legalizing using negotiation legalizer.
[INFO DPL-1103] Negotiation base search window: +/-20 sites horizontally, +/-5 rows vertically 
	Automatic search window extension enabled.
	Search window extendable up to the max displacement cap of +/-500 sites, +/-100 rows near walls.
[INFO DPL-1104] NegotiationLegalizer DRC penalty: 5.
[INFO DPL-0392] Negotiation cell height distribution (1 unique row-count(s)):
[INFO DPL-0393]   height 1 row(s): 5047 cells
          |      Total |  Illegal |  Illegal
Iteration | Violations |    Cells |    Sites
---------------------------------------------
        0 |        277 |        63 |       214
        1 |          8 |         2 |         6
        2 |          0 |         0 |         0
Negotiation phase 1 converged at iteration 2.
[INFO DPL-0500] Runtime: 0.06s
Placement Analysis
---------------------------------
total displacement        490.9 u
average displacement        0.1 u
max displacement           14.7 u
original HPWL          288565.4 u
legalized HPWL         288855.1 u
delta HPWL                    0 %

########## FINAL ##########
max fanout

Pin                                   Limit Fanout  Slack
---------------------------------------------------------
clkbuf_0_clk/X                            8     16     -8 (VIOLATED)

Startpoint: ex_data[219] (input port clocked by clk)
Endpoint: _8022_ (rising edge-triggered flip-flop clocked by clk)
Path Group: clk
Path Type: max

    Delay      Time   Description
-------------------------------------------------------------
   0.0000    0.0000   clock clk (rise edge)
   0.0000    0.0000   clock network delay (propagated)
   0.7000    0.7000 v input external delay
   0.0029    0.7029 v ex_data[219] (in)
   0.0871    0.7899 v fanout539/X (sg13g2_buf_1)
   0.1457    0.9356 v fanout534/X (sg13g2_buf_1)
   0.1553    1.0909 v fanout533/X (sg13g2_buf_1)
   0.1737    1.2646 v _4325_/X (sg13g2_or3_1)
   0.1187    1.3833 ^ _4327_/Y (sg13g2_a21oi_1)
   0.1805    1.5639 ^ fanout332/X (sg13g2_buf_1)
   0.1383    1.7022 ^ fanout331/X (sg13g2_buf_1)
   0.0668    1.7690 v _4329_/Y (sg13g2_o21ai_1)
   0.2142    1.9832 ^ _4330_/Y (sg13g2_o21ai_1)
   0.1343    2.1175 v _4340_/Y (sg13g2_a21oi_1)
   0.1499    2.2674 ^ _4343_/Y (sg13g2_o21ai_1)
   0.1331    2.4005 v _4356_/Y (sg13g2_a21oi_1)
   0.1674    2.5679 ^ _4369_/Y (sg13g2_o21ai_1)
   0.1617    2.7296 ^ _4381_/X (sg13g2_a21o_1)
   0.1268    2.8564 ^ _4394_/X (sg13g2_a21o_1)
   0.0949    2.9513 v _4405_/Y (sg13g2_a21oi_1)
   0.1976    3.1489 ^ _4418_/Y (sg13g2_o21ai_1)
   0.1465    3.2954 v _4452_/Y (sg13g2_a221oi_1)
   0.2058    3.5013 ^ _4480_/Y (sg13g2_nor4_1)
   0.1204    3.6217 v _4483_/Y (sg13g2_o21ai_1)
   0.1740    3.7957 ^ _4517_/Y (sg13g2_o21ai_1)
   0.1546    3.9503 v _4545_/Y (sg13g2_a221oi_1)
   0.2104    4.1607 ^ _4576_/Y (sg13g2_nor4_1)
   0.1029    4.2636 v _4580_/Y (sg13g2_o21ai_1)
   0.1023    4.3660 v _4584_/X (sg13g2_and2_1)
   0.1056    4.4716 ^ _4607_/Y (sg13g2_a21oi_1)
   0.0883    4.5599 v _4608_/Y (sg13g2_nand2_1)
   0.0632    4.6231 ^ _4629_/Y (sg13g2_nand3_1)
   0.0827    4.7058 v _4631_/Y (sg13g2_nand3_1)
   0.0723    4.7781 ^ _4635_/Y (sg13g2_nand2_1)
   0.0982    4.8763 v _4652_/Y (sg13g2_o21ai_1)
   0.1447    5.0209 ^ _4656_/Y (sg13g2_o21ai_1)
   0.1595    5.1805 ^ _4666_/X (sg13g2_a21o_1)
   0.0958    5.2763 v _4677_/Y (sg13g2_a21oi_1)
   0.1205    5.3967 ^ _4692_/Y (sg13g2_a21oi_1)
   0.0891    5.4858 v _4693_/Y (sg13g2_nand2_1)
   0.0537    5.5395 ^ _4712_/Y (sg13g2_nand3_1)
   0.0817    5.6212 v _4713_/Y (sg13g2_nand2b_1)
   0.1226    5.7438 ^ _4717_/Y (sg13g2_o21ai_1)
   0.1211    5.8649 v _4723_/Y (sg13g2_xnor2_1)
   0.1151    5.9800 ^ _6276_/Y (sg13g2_o21ai_1)
   0.1043    6.0843 v _6288_/Y (sg13g2_nand3_1)
   0.0504    6.1348 ^ _6289_/Y (sg13g2_o21ai_1)
   0.0000    6.1348 ^ _8022_/D (sg13g2_dfrbpq_1)
             6.1348   data arrival time

   7.0000    7.0000   clock clk (rise edge)
   0.2684    7.2684   clock network delay (propagated)
  -0.2500    7.0184   clock uncertainty
   0.0000    7.0184   clock reconvergence pessimism
             7.0184 ^ _8022_/CLK (sg13g2_dfrbpq_1)
  -0.1285    6.8899   library setup time
             6.8899   data required time
-------------------------------------------------------------
             6.8899   data required time
            -6.1348   data arrival time
-------------------------------------------------------------
             0.7551   slack (MET)


Startpoint: _7975_ (rising edge-triggered flip-flop clocked by clk)
Endpoint: _7975_ (rising edge-triggered flip-flop clocked by clk)
Path Group: clk
Path Type: min

    Delay      Time   Description
-------------------------------------------------------------
   0.0000    0.0000   clock clk (rise edge)
   0.2706    0.2706   clock network delay (propagated)
   0.0000    0.2706 ^ _7975_/CLK (sg13g2_dfrbpq_1)
   0.1639    0.4344 v _7975_/Q (sg13g2_dfrbpq_1)
   0.1011    0.5355 v _4549_/X (sg13g2_mux2_1)
   0.0000    0.5355 v _7975_/D (sg13g2_dfrbpq_1)
             0.5355   data arrival time

   0.0000    0.0000   clock clk (rise edge)
   0.2813    0.2813   clock network delay (propagated)
   0.2500    0.5313   clock uncertainty
  -0.0107    0.5206   clock reconvergence pessimism
             0.5206 ^ _7975_/CLK (sg13g2_dfrbpq_1)
  -0.0360    0.4845   library hold time
             0.4845   data required time
-------------------------------------------------------------
             0.4845   data required time
            -0.5355   data arrival time
-------------------------------------------------------------
             0.0510   slack (MET)


Clock clk
 0.2802 source latency _8141_/CLK ^
-0.2680 target latency _8046_/CLK ^
 0.2500 clock uncertainty
-0.0039 CRPR
--------------
 0.2582 setup skew

wns max 0.0000
tns max 0.0000
Design area 57589 um^2 54% utilization.
Cell type report:                       Count       Area
  Clock buffer                             49    1874.28
  Timing Repair Buffer                    779    6379.43
  Inverter                                116     631.41
  Clock inverter                            4      21.77
  Sequential cell                         188    9209.89
  Multi-Input combinational cell         3911   39472.27
  Total                                  5047   57589.06
