
*****
***** Welcome to the Xyce(TM) Parallel Electronic Simulator
*****
***** This is version Xyce DEVELOPMENT-202607082310-()-opensource
***** Date: Fri Sep 25 12:56:42 PDT 2026


***** Executing netlist inv_old_nojunc.sp

***** Reading and parsing netlist...
Netlist warning: .HDL: compiled and registered PSP103VA from
 /usr/local/share/xyce/verilog-a/psp103/psp103.va
Netlist warning: No print specified
Netlist warning in file /usr/local/src/kestrel/sim/models/sg13g2_psp103_tt.lib
 at or near line 1
 No model parameter CTBO found for model SG13G2_NMOS of type NMOS, parameter
 ignored.
Netlist warning in file /usr/local/src/kestrel/sim/models/sg13g2_psp103_tt.lib
 at or near line 1
 No model parameter CTGO found for model SG13G2_NMOS of type NMOS, parameter
 ignored.
Netlist warning in file /usr/local/src/kestrel/sim/models/sg13g2_psp103_tt.lib
 at or near line 1
 No model parameter DTA found for model SG13G2_NMOS of type NMOS, parameter
 ignored.
Netlist warning in file /usr/local/src/kestrel/sim/models/sg13g2_psp103_tt.lib
 at or near line 1
 No model parameter MUNQSO found for model SG13G2_NMOS of type NMOS, parameter
 ignored.
Netlist warning in file /usr/local/src/kestrel/sim/models/sg13g2_psp103_tt.lib
 at or near line 1
 No model parameter NSUBEDGELEXP found for model SG13G2_NMOS of type NMOS,
 parameter ignored.
Netlist warning in file /usr/local/src/kestrel/sim/models/sg13g2_psp103_tt.lib
 at or near line 1
 No model parameter ST2VFBO found for model SG13G2_NMOS of type NMOS,
 parameter ignored.
Netlist warning in file /usr/local/src/kestrel/sim/models/sg13g2_psp103_tt.lib
 at or near line 1
 No model parameter STCTO found for model SG13G2_NMOS of type NMOS, parameter
 ignored.
Netlist warning in file /usr/local/src/kestrel/sim/models/sg13g2_psp103_tt.lib
 at or near line 1
 No model parameter STTHECSO found for model SG13G2_NMOS of type NMOS,
 parameter ignored.
Netlist warning in file /usr/local/src/kestrel/sim/models/sg13g2_psp103_tt.lib
 at or near line 1
 No model parameter SWNQS found for model SG13G2_NMOS of type NMOS, parameter
 ignored.
Netlist warning in file /usr/local/src/kestrel/sim/models/sg13g2_psp103_tt.lib
 at or near line 1
 No model parameter THECSO found for model SG13G2_NMOS of type NMOS, parameter
 ignored.
Netlist warning in file /usr/local/src/kestrel/sim/models/sg13g2_psp103_tt.lib
 at or near line 67
 No model parameter CTBO found for model SG13G2_PMOS of type PMOS, parameter
 ignored.
Netlist warning in file /usr/local/src/kestrel/sim/models/sg13g2_psp103_tt.lib
 at or near line 67
 No model parameter CTGO found for model SG13G2_PMOS of type PMOS, parameter
 ignored.
Netlist warning in file /usr/local/src/kestrel/sim/models/sg13g2_psp103_tt.lib
 at or near line 67
 No model parameter DTA found for model SG13G2_PMOS of type PMOS, parameter
 ignored.
Netlist warning in file /usr/local/src/kestrel/sim/models/sg13g2_psp103_tt.lib
 at or near line 67
 No model parameter MUNQSO found for model SG13G2_PMOS of type PMOS, parameter
 ignored.
Netlist warning in file /usr/local/src/kestrel/sim/models/sg13g2_psp103_tt.lib
 at or near line 67
 No model parameter NSUBEDGELEXP found for model SG13G2_PMOS of type PMOS,
 parameter ignored.
Netlist warning in file /usr/local/src/kestrel/sim/models/sg13g2_psp103_tt.lib
 at or near line 67
 No model parameter ST2VFBO found for model SG13G2_PMOS of type PMOS,
 parameter ignored.
Netlist warning in file /usr/local/src/kestrel/sim/models/sg13g2_psp103_tt.lib
 at or near line 67
 No model parameter STCTO found for model SG13G2_PMOS of type PMOS, parameter
 ignored.
Netlist warning in file /usr/local/src/kestrel/sim/models/sg13g2_psp103_tt.lib
 at or near line 67
 No model parameter STTHECSO found for model SG13G2_PMOS of type PMOS,
 parameter ignored.
Netlist warning in file /usr/local/src/kestrel/sim/models/sg13g2_psp103_tt.lib
 at or near line 67
 No model parameter SWNQS found for model SG13G2_PMOS of type PMOS, parameter
 ignored.
Netlist warning in file /usr/local/src/kestrel/sim/models/sg13g2_psp103_tt.lib
 at or near line 67
 No model parameter THECSO found for model SG13G2_PMOS of type PMOS, parameter
 ignored.
***** Setting up topology...

preprocess: warning: 'discipline.h' not found (skipped)
build_vae_so: built /tmp/pyms_vae_nj_old/vae_PSP103VA_588290d2ce815552.so (782 params, full)
preprocess: warning: 'discipline.h' not found (skipped)
build_vae_so: built /tmp/pyms_vae_nj_old/vae_PSP103VA_d00e19f59ae3d176.so (782 params, full)
***** Device Count Summary ...
       C level 1 (Capacitor)                  1
       PSP103VA (PSP103VA)                    2
       V level 1 (Independent Voltage Source) 3
       ----------------------------------------
       Total Devices                          6
***** Setting up matrix structure...
***** Number of Unknowns = 9
***** Initializing...

***** Beginning DC Operating Point Calculation...

***** Beginning Transient Calculation...

***** Percent complete: 1.24 %
***** Current system time: Fri Sep 25 13:01:53 2026
***** Estimated time to completion:  0 sec.

***** Percent complete: 2.52 %
***** Current system time: Fri Sep 25 13:01:53 2026
***** Estimated time to completion:  0 sec.

***** Percent complete: 4.52 %
***** Current system time: Fri Sep 25 13:01:53 2026
***** Estimated time to completion:  0 sec.

***** Percent complete: 6.52 %
***** Current system time: Fri Sep 25 13:01:53 2026
***** Estimated time to completion:  0 sec.

***** Percent complete: 8.52 %
***** Current system time: Fri Sep 25 13:01:53 2026
***** Estimated time to completion:  0 sec.

***** Percent complete: 10.52 %
***** Current system time: Fri Sep 25 13:01:53 2026
***** Estimated time to completion:  0 sec.

***** Percent complete: 12.52 %
***** Current system time: Fri Sep 25 13:01:53 2026
***** Estimated time to completion:  0 sec.

***** Percent complete: 14.52 %
***** Current system time: Fri Sep 25 13:01:53 2026
***** Estimated time to completion:  0 sec.

***** Percent complete: 16.52 %
***** Current system time: Fri Sep 25 13:01:53 2026
***** Estimated time to completion:  0 sec.

***** Percent complete: 18.52 %
***** Current system time: Fri Sep 25 13:01:53 2026
***** Estimated time to completion:  0 sec.

***** Percent complete: 20 %
***** Current system time: Fri Sep 25 13:01:53 2026
***** Estimated time to completion:  0 sec.

***** Percent complete: 21.0031 %
***** Current system time: Fri Sep 25 13:01:53 2026
***** Estimated time to completion:  0 sec.

***** Percent complete: 22.0074 %
***** Current system time: Fri Sep 25 13:01:53 2026
***** Estimated time to completion:  0 sec.

***** Percent complete: 23.0225 %
***** Current system time: Fri Sep 25 13:01:53 2026
***** Estimated time to completion:  0 sec.

***** Percent complete: 24.0426 %
***** Current system time: Fri Sep 25 13:01:53 2026
***** Estimated time to completion:  0 sec.

***** Percent complete: 25.331 %
***** Current system time: Fri Sep 25 13:01:53 2026
***** Estimated time to completion:  0 sec.

***** Percent complete: 27.049 %
***** Current system time: Fri Sep 25 13:01:53 2026
***** Estimated time to completion:  0 sec.

***** Percent complete: 28.7669 %
***** Current system time: Fri Sep 25 13:01:53 2026
***** Estimated time to completion:  0 sec.

***** Percent complete: 32.2028 %
***** Current system time: Fri Sep 25 13:01:53 2026
***** Estimated time to completion:  0 sec.

***** Percent complete: 39.0747 %
***** Current system time: Fri Sep 25 13:01:53 2026
***** Estimated time to completion:  0 sec.

***** Percent complete: 47.0747 %
***** Current system time: Fri Sep 25 13:01:53 2026
***** Estimated time to completion:  0 sec.

***** Percent complete: 55.0747 %
***** Current system time: Fri Sep 25 13:01:53 2026
***** Estimated time to completion:  0 sec.

***** Percent complete: 62.1633 %
***** Current system time: Fri Sep 25 13:01:53 2026
***** Estimated time to completion:  0 sec.

***** Percent complete: 63.2088 %
***** Current system time: Fri Sep 25 13:01:53 2026
***** Estimated time to completion:  0 sec.

***** Percent complete: 64.2176 %
***** Current system time: Fri Sep 25 13:01:53 2026
***** Estimated time to completion:  0 sec.

***** Percent complete: 65.2378 %
***** Current system time: Fri Sep 25 13:01:53 2026
***** Estimated time to completion:  0 sec.

***** Percent complete: 66.2776 %
***** Current system time: Fri Sep 25 13:01:53 2026
***** Estimated time to completion:  0 sec.

***** Percent complete: 67.2939 %
***** Current system time: Fri Sep 25 13:01:53 2026
***** Estimated time to completion:  0 sec.

***** Percent complete: 68.5135 %
***** Current system time: Fri Sep 25 13:01:53 2026
***** Estimated time to completion:  0 sec.

***** Percent complete: 69.5975 %
***** Current system time: Fri Sep 25 13:01:53 2026
***** Estimated time to completion:  0 sec.

***** Percent complete: 71.2237 %
***** Current system time: Fri Sep 25 13:01:53 2026
***** Estimated time to completion:  0 sec.

***** Percent complete: 72.3077 %
***** Current system time: Fri Sep 25 13:01:53 2026
***** Estimated time to completion:  0 sec.

***** Percent complete: 74.4759 %
***** Current system time: Fri Sep 25 13:01:53 2026
***** Estimated time to completion:  0 sec.

***** Percent complete: 78.8121 %
***** Current system time: Fri Sep 25 13:01:53 2026
***** Estimated time to completion:  0 sec.

***** Percent complete: 86.8121 %
***** Current system time: Fri Sep 25 13:01:53 2026
***** Estimated time to completion:  0 sec.

***** Percent complete: 94.8121 %
***** Current system time: Fri Sep 25 13:01:53 2026
***** Estimated time to completion:  0 sec.

***** Problem read in and set up time: 311.285 seconds
 ***** DCOP time: 0.00260687 seconds.  Breakdown follows:
	Number Successful Steps Taken:		1
	Number Failed Steps Attempted:		0
	Number Jacobians Evaluated:		4
	Number Linear Solves:			4
	Number Failed Linear Solves:		0
	Number Residual Evaluations:		6
	Number Nonlinear Convergence Failures:	0
	Total Residual Load Time:		0.000423908 seconds
	Total Jacobian Load Time:		4.33922e-05 seconds
	Total Linear Solution Time:		0.000262976 seconds

 ***** Transient Stepping time: 0.0436201 seconds.  Breakdown follows:
	Number Successful Steps Taken:		220
	Number Failed Steps Attempted:		14
	Number Jacobians Evaluated:		337
	Number Linear Solves:			337
	Number Failed Linear Solves:		0
	Number Residual Evaluations:		571
	Number Nonlinear Convergence Failures:	0
	Total Residual Load Time:		0.0281138 seconds
	Total Jacobian Load Time:		0.00178313 seconds
	Total Linear Solution Time:		0.00364017 seconds


***** Solution Summary *****
	Number Successful Steps Taken:		221
	Number Failed Steps Attempted:		14
	Number Jacobians Evaluated:		341
	Number Linear Solves:			341
	Number Failed Linear Solves:		0
	Number Residual Evaluations:		577
	Number Nonlinear Convergence Failures:	0
	Total Residual Load Time:		0.0285378 seconds
	Total Jacobian Load Time:		0.00182652 seconds
	Total Linear Solution Time:		0.00390315 seconds


 ***** Measure Functions ***** 

QCYC = -1.725195e-14
Measure Start Time= 9.000000e-10	Measure End Time= 4.900000e-09

VX = 1.237514e+00 at time = 1.057976e-09
Measure Start Time= 9.000000e-10	Measure End Time= 4.900000e-09

VN = -1.881005e-02 at time = 3.155390e-09
Measure Start Time= 9.000000e-10	Measure End Time= 4.900000e-09

TPHL = 6.202507e-11 with targ = 1.116108e-09 and trig = 1.054083e-09

TPLH = 7.820148e-11 with targ = 3.240452e-09 and trig = 3.162250e-09


***** Total Simulation Solvers Run Time: 0.0465651 seconds
***** Total Elapsed Run Time:            311.332 seconds
*****
***** End of Xyce(TM) Simulation
*****

Timing summary of 1 processor
                 Stats                   Count       CPU Time              Wall Time
---------------------------------------- ----- --------------------- ---------------------
Xyce                                         1        1.446 (100.0%)     5:11.333 (100.0%)
  Analysis                                   1        0.043 ( 2.99%)        0.046 ( 0.01%)
    Transient                                1        0.043 ( 2.99%)        0.046 ( 0.01%)
      Nonlinear Solve                      235        0.039 ( 2.66%)        0.041 ( 0.01%)
        Residual                           577        0.029 ( 1.97%)        0.029 (<0.01%)
        Jacobian                           341        0.002 ( 0.14%)        0.002 (<0.01%)
        Linear Solve                       341        0.004 ( 0.27%)        0.004 (<0.01%)
      Successful DCOP Steps                  1        0.000 ( 0.00%)        0.000 (<0.01%)
      Successful Step                      220        0.002 ( 0.14%)        0.002 (<0.01%)
      Failed Steps                          14        0.000 (<0.01%)        0.000 (<0.01%)
  Netlist Import                             1        1.295 (89.52%)     5:11.278 (99.98%)
    Parse Context                            1        1.290 (89.21%)       12.526 ( 4.02%)
    Distribute Devices                       1        0.001 ( 0.07%)        0.005 (<0.01%)
    Verify Devices                           1        0.000 (<0.01%)        0.000 (<0.01%)
    Instantiate                              1        0.002 ( 0.12%)     4:58.747 (95.96%)
  Late Initialization                        1        0.001 ( 0.04%)        0.001 (<0.01%)
    Global Indices                           1        0.000 (<0.01%)        0.000 (<0.01%)
  Setup Matrix Structure                     1        0.000 ( 0.03%)        0.000 (<0.01%)

