
*****
***** Welcome to the Xyce(TM) Parallel Electronic Simulator
*****
***** This is version Xyce DEVELOPMENT-202607082310-()-opensource
***** Date: Fri Sep 25 11:49:50 PDT 2026


***** Executing netlist s0.sp

***** Reading and parsing netlist...
Netlist warning: .HDL: compiled and registered PSP103VA from
 /usr/local/share/xyce/verilog-a/psp103/psp103.va
Netlist warning: No print specified
Netlist warning in file /usr/local/src/kestrel/sim/models/sg13g2_psp103_tt.lib
 at or near line 1
 No model parameter CTBO found for model SG13G2_NMOS of type NMOS, parameter
 ignored.
Netlist warning in file /usr/local/src/kestrel/sim/models/sg13g2_psp103_tt.lib
 at or near line 1
 No model parameter CTGO found for model SG13G2_NMOS of type NMOS, parameter
 ignored.
Netlist warning in file /usr/local/src/kestrel/sim/models/sg13g2_psp103_tt.lib
 at or near line 1
 No model parameter DTA found for model SG13G2_NMOS of type NMOS, parameter
 ignored.
Netlist warning in file /usr/local/src/kestrel/sim/models/sg13g2_psp103_tt.lib
 at or near line 1
 No model parameter MUNQSO found for model SG13G2_NMOS of type NMOS, parameter
 ignored.
Netlist warning in file /usr/local/src/kestrel/sim/models/sg13g2_psp103_tt.lib
 at or near line 1
 No model parameter NSUBEDGELEXP found for model SG13G2_NMOS of type NMOS,
 parameter ignored.
Netlist warning in file /usr/local/src/kestrel/sim/models/sg13g2_psp103_tt.lib
 at or near line 1
 No model parameter ST2VFBO found for model SG13G2_NMOS of type NMOS,
 parameter ignored.
Netlist warning in file /usr/local/src/kestrel/sim/models/sg13g2_psp103_tt.lib
 at or near line 1
 No model parameter STCTO found for model SG13G2_NMOS of type NMOS, parameter
 ignored.
Netlist warning in file /usr/local/src/kestrel/sim/models/sg13g2_psp103_tt.lib
 at or near line 1
 No model parameter STTHECSO found for model SG13G2_NMOS of type NMOS,
 parameter ignored.
Netlist warning in file /usr/local/src/kestrel/sim/models/sg13g2_psp103_tt.lib
 at or near line 1
 No model parameter SWNQS found for model SG13G2_NMOS of type NMOS, parameter
 ignored.
Netlist warning in file /usr/local/src/kestrel/sim/models/sg13g2_psp103_tt.lib
 at or near line 1
 No model parameter THECSO found for model SG13G2_NMOS of type NMOS, parameter
 ignored.
Netlist warning in file /usr/local/src/kestrel/sim/models/sg13g2_psp103_tt.lib
 at or near line 67
 No model parameter CTBO found for model SG13G2_PMOS of type PMOS, parameter
 ignored.
Netlist warning in file /usr/local/src/kestrel/sim/models/sg13g2_psp103_tt.lib
 at or near line 67
 No model parameter CTGO found for model SG13G2_PMOS of type PMOS, parameter
 ignored.
Netlist warning in file /usr/local/src/kestrel/sim/models/sg13g2_psp103_tt.lib
 at or near line 67
 No model parameter DTA found for model SG13G2_PMOS of type PMOS, parameter
 ignored.
Netlist warning in file /usr/local/src/kestrel/sim/models/sg13g2_psp103_tt.lib
 at or near line 67
 No model parameter MUNQSO found for model SG13G2_PMOS of type PMOS, parameter
 ignored.
Netlist warning in file /usr/local/src/kestrel/sim/models/sg13g2_psp103_tt.lib
 at or near line 67
 No model parameter NSUBEDGELEXP found for model SG13G2_PMOS of type PMOS,
 parameter ignored.
Netlist warning in file /usr/local/src/kestrel/sim/models/sg13g2_psp103_tt.lib
 at or near line 67
 No model parameter ST2VFBO found for model SG13G2_PMOS of type PMOS,
 parameter ignored.
Netlist warning in file /usr/local/src/kestrel/sim/models/sg13g2_psp103_tt.lib
 at or near line 67
 No model parameter STCTO found for model SG13G2_PMOS of type PMOS, parameter
 ignored.
Netlist warning in file /usr/local/src/kestrel/sim/models/sg13g2_psp103_tt.lib
 at or near line 67
 No model parameter STTHECSO found for model SG13G2_PMOS of type PMOS,
 parameter ignored.
Netlist warning in file /usr/local/src/kestrel/sim/models/sg13g2_psp103_tt.lib
 at or near line 67
 No model parameter SWNQS found for model SG13G2_PMOS of type PMOS, parameter
 ignored.
Netlist warning in file /usr/local/src/kestrel/sim/models/sg13g2_psp103_tt.lib
 at or near line 67
 No model parameter THECSO found for model SG13G2_PMOS of type PMOS, parameter
 ignored.
***** Setting up topology...

Netlist warning: Voltage Node (NHI) connected to only 1 device Terminal
Netlist warning: Voltage Node (NLO) connected to only 1 device Terminal
***** Device Count Summary ...
       C level 1 (Capacitor)                  1
       PSP103VA (PSP103VA)                    2
       V level 1 (Independent Voltage Source) 5
       ----------------------------------------
       Total Devices                          8
***** Setting up matrix structure...
***** Number of Unknowns = 13
***** Initializing...

***** Beginning DC Operating Point Calculation...

***** Beginning Transient Calculation...

***** Percent complete: 1.24 %
***** Current system time: Fri Sep 25 11:50:04 2026
***** Estimated time to completion:  0 sec.

***** Percent complete: 2.52 %
***** Current system time: Fri Sep 25 11:50:04 2026
***** Estimated time to completion:  0 sec.

***** Percent complete: 4.52 %
***** Current system time: Fri Sep 25 11:50:04 2026
***** Estimated time to completion:  0 sec.

***** Percent complete: 6.52 %
***** Current system time: Fri Sep 25 11:50:04 2026
***** Estimated time to completion:  0 sec.

***** Percent complete: 8.52 %
***** Current system time: Fri Sep 25 11:50:04 2026
***** Estimated time to completion:  0 sec.

***** Percent complete: 10.52 %
***** Current system time: Fri Sep 25 11:50:04 2026
***** Estimated time to completion:  0 sec.

***** Percent complete: 12.52 %
***** Current system time: Fri Sep 25 11:50:04 2026
***** Estimated time to completion:  0 sec.

***** Percent complete: 14.52 %
***** Current system time: Fri Sep 25 11:50:04 2026
***** Estimated time to completion:  0 sec.

***** Percent complete: 16.52 %
***** Current system time: Fri Sep 25 11:50:04 2026
***** Estimated time to completion:  0 sec.

***** Percent complete: 18.52 %
***** Current system time: Fri Sep 25 11:50:04 2026
***** Estimated time to completion:  0 sec.

***** Percent complete: 20 %
***** Current system time: Fri Sep 25 11:50:04 2026
***** Estimated time to completion:  0 sec.

***** Percent complete: 21.0205 %
***** Current system time: Fri Sep 25 11:50:04 2026
***** Estimated time to completion:  0 sec.

***** Percent complete: 22.0431 %
***** Current system time: Fri Sep 25 11:50:04 2026
***** Estimated time to completion:  0 sec.

***** Percent complete: 23.067 %
***** Current system time: Fri Sep 25 11:50:04 2026
***** Estimated time to completion:  0 sec.

***** Percent complete: 24.0996 %
***** Current system time: Fri Sep 25 11:50:04 2026
***** Estimated time to completion:  0 sec.

***** Percent complete: 25.3902 %
***** Current system time: Fri Sep 25 11:50:04 2026
***** Estimated time to completion:  0 sec.

***** Percent complete: 26.939 %
***** Current system time: Fri Sep 25 11:50:04 2026
***** Estimated time to completion:  0 sec.

***** Percent complete: 27.9715 %
***** Current system time: Fri Sep 25 11:50:04 2026
***** Estimated time to completion:  0 sec.

***** Percent complete: 30.0366 %
***** Current system time: Fri Sep 25 11:50:04 2026
***** Estimated time to completion:  0 sec.

***** Percent complete: 34.1667 %
***** Current system time: Fri Sep 25 11:50:04 2026
***** Estimated time to completion:  0 sec.

***** Percent complete: 42.1667 %
***** Current system time: Fri Sep 25 11:50:04 2026
***** Estimated time to completion:  0 sec.

***** Percent complete: 50.1667 %
***** Current system time: Fri Sep 25 11:50:04 2026
***** Estimated time to completion:  0 sec.

***** Percent complete: 58.1667 %
***** Current system time: Fri Sep 25 11:50:04 2026
***** Estimated time to completion:  0 sec.

***** Percent complete: 62.1633 %
***** Current system time: Fri Sep 25 11:50:04 2026
***** Estimated time to completion:  0 sec.

***** Percent complete: 63.2351 %
***** Current system time: Fri Sep 25 11:50:04 2026
***** Estimated time to completion:  0 sec.

***** Percent complete: 64.2365 %
***** Current system time: Fri Sep 25 11:50:04 2026
***** Estimated time to completion:  0 sec.

***** Percent complete: 65.2394 %
***** Current system time: Fri Sep 25 11:50:04 2026
***** Estimated time to completion:  0 sec.

***** Percent complete: 66.2843 %
***** Current system time: Fri Sep 25 11:50:04 2026
***** Estimated time to completion:  0 sec.

***** Percent complete: 67.3651 %
***** Current system time: Fri Sep 25 11:50:04 2026
***** Estimated time to completion:  0 sec.

***** Percent complete: 68.4459 %
***** Current system time: Fri Sep 25 11:50:04 2026
***** Estimated time to completion:  0 sec.

***** Percent complete: 69.7762 %
***** Current system time: Fri Sep 25 11:50:04 2026
***** Estimated time to completion:  0 sec.

***** Percent complete: 71.1064 %
***** Current system time: Fri Sep 25 11:50:04 2026
***** Estimated time to completion:  0 sec.

***** Percent complete: 72.4366 %
***** Current system time: Fri Sep 25 11:50:04 2026
***** Estimated time to completion:  0 sec.

***** Percent complete: 75.0971 %
***** Current system time: Fri Sep 25 11:50:04 2026
***** Estimated time to completion:  0 sec.

***** Percent complete: 80.418 %
***** Current system time: Fri Sep 25 11:50:04 2026
***** Estimated time to completion:  0 sec.

***** Percent complete: 88.418 %
***** Current system time: Fri Sep 25 11:50:04 2026
***** Estimated time to completion:  0 sec.

***** Percent complete: 96.418 %
***** Current system time: Fri Sep 25 11:50:04 2026
***** Estimated time to completion:  0 sec.

***** Problem read in and set up time: 14.6535 seconds
 ***** DCOP time: 0.00239706 seconds.  Breakdown follows:
	Number Successful Steps Taken:		1
	Number Failed Steps Attempted:		0
	Number Jacobians Evaluated:		4
	Number Linear Solves:			4
	Number Failed Linear Solves:		0
	Number Residual Evaluations:		6
	Number Nonlinear Convergence Failures:	0
	Total Residual Load Time:		0.000421762 seconds
	Total Jacobian Load Time:		4.22001e-05 seconds
	Total Linear Solution Time:		0.000248909 seconds

 ***** Transient Stepping time: 0.046617 seconds.  Breakdown follows:
	Number Successful Steps Taken:		206
	Number Failed Steps Attempted:		12
	Number Jacobians Evaluated:		330
	Number Linear Solves:			330
	Number Failed Linear Solves:		0
	Number Residual Evaluations:		548
	Number Nonlinear Convergence Failures:	0
	Total Residual Load Time:		0.0308442 seconds
	Total Jacobian Load Time:		0.0021975 seconds
	Total Linear Solution Time:		0.00366712 seconds


***** Solution Summary *****
	Number Successful Steps Taken:		207
	Number Failed Steps Attempted:		12
	Number Jacobians Evaluated:		334
	Number Linear Solves:			334
	Number Failed Linear Solves:		0
	Number Residual Evaluations:		554
	Number Nonlinear Convergence Failures:	0
	Total Residual Load Time:		0.031266 seconds
	Total Jacobian Load Time:		0.0022397 seconds
	Total Linear Solution Time:		0.00391603 seconds


 ***** Measure Functions ***** 

QC0 = -1.919426e-14
Measure Start Time= 9.000000e-10	Measure End Time= 4.900000e-09


***** Total Simulation Solvers Run Time: 0.0493109 seconds
***** Total Elapsed Run Time:            14.7028 seconds
*****
***** End of Xyce(TM) Simulation
*****

Timing summary of 1 processor
                 Stats                   Count       CPU Time              Wall Time
---------------------------------------- ----- --------------------- ---------------------
Xyce                                         1        1.310 (100.0%)       14.704 (100.0%)
  Analysis                                   1        0.043 ( 3.27%)        0.049 ( 0.33%)
    Transient                                1        0.043 ( 3.27%)        0.049 ( 0.33%)
      Nonlinear Solve                      219        0.039 ( 2.95%)        0.044 ( 0.30%)
        Residual                           554        0.028 ( 2.12%)        0.032 ( 0.22%)
        Jacobian                           334        0.002 ( 0.17%)        0.003 ( 0.02%)
        Linear Solve                       334        0.004 ( 0.28%)        0.004 ( 0.03%)
      Successful DCOP Steps                  1        0.000 ( 0.02%)        0.000 (<0.01%)
      Successful Step                      206        0.002 ( 0.13%)        0.002 ( 0.01%)
      Failed Steps                          12        0.000 (<0.01%)        0.000 (<0.01%)
  Netlist Import                             1        1.102 (84.09%)       14.643 (99.58%)
    Parse Context                            1        1.096 (83.63%)       14.633 (99.52%)
    Distribute Devices                       1        0.004 ( 0.31%)        0.004 ( 0.03%)
    Verify Devices                           1        0.000 (<0.01%)        0.000 (<0.01%)
    Instantiate                              1        0.001 ( 0.11%)        0.005 ( 0.03%)
  Late Initialization                        1        0.002 ( 0.12%)        0.002 ( 0.01%)
    Global Indices                           1        0.000 (<0.01%)        0.000 (<0.01%)
  Setup Matrix Structure                     1        0.000 ( 0.04%)        0.000 (<0.01%)

