
*****
***** Welcome to the Xyce(TM) Parallel Electronic Simulator
*****
***** This is version Xyce DEVELOPMENT-202607082310-()-opensource
***** Date: Fri Sep 25 12:22:50 PDT 2026


***** Executing netlist s6.sp

***** Reading and parsing netlist...
Netlist warning: .HDL: compiled and registered PSP103VA from
 /usr/local/share/xyce/verilog-a/psp103/psp103.va
Netlist warning: No print specified
Netlist warning in file /usr/local/src/kestrel/sim/models/sg13g2_psp103_tt.lib
 at or near line 67
 No model parameter CTBO found for model SG13G2_PMOS of type PMOS, parameter
 ignored.
Netlist warning in file /usr/local/src/kestrel/sim/models/sg13g2_psp103_tt.lib
 at or near line 67
 No model parameter CTGO found for model SG13G2_PMOS of type PMOS, parameter
 ignored.
Netlist warning in file /usr/local/src/kestrel/sim/models/sg13g2_psp103_tt.lib
 at or near line 67
 No model parameter DTA found for model SG13G2_PMOS of type PMOS, parameter
 ignored.
Netlist warning in file /usr/local/src/kestrel/sim/models/sg13g2_psp103_tt.lib
 at or near line 67
 No model parameter MUNQSO found for model SG13G2_PMOS of type PMOS, parameter
 ignored.
Netlist warning in file /usr/local/src/kestrel/sim/models/sg13g2_psp103_tt.lib
 at or near line 67
 No model parameter NSUBEDGELEXP found for model SG13G2_PMOS of type PMOS,
 parameter ignored.
Netlist warning in file /usr/local/src/kestrel/sim/models/sg13g2_psp103_tt.lib
 at or near line 67
 No model parameter ST2VFBO found for model SG13G2_PMOS of type PMOS,
 parameter ignored.
Netlist warning in file /usr/local/src/kestrel/sim/models/sg13g2_psp103_tt.lib
 at or near line 67
 No model parameter STCTO found for model SG13G2_PMOS of type PMOS, parameter
 ignored.
Netlist warning in file /usr/local/src/kestrel/sim/models/sg13g2_psp103_tt.lib
 at or near line 67
 No model parameter STTHECSO found for model SG13G2_PMOS of type PMOS,
 parameter ignored.
Netlist warning in file /usr/local/src/kestrel/sim/models/sg13g2_psp103_tt.lib
 at or near line 67
 No model parameter SWNQS found for model SG13G2_PMOS of type PMOS, parameter
 ignored.
Netlist warning in file /usr/local/src/kestrel/sim/models/sg13g2_psp103_tt.lib
 at or near line 67
 No model parameter THECSO found for model SG13G2_PMOS of type PMOS, parameter
 ignored.
Netlist warning in file /usr/local/src/kestrel/sim/models/sg13g2_psp103_tt.lib
 at or near line 1
 No model parameter CTBO found for model SG13G2_NMOS of type NMOS, parameter
 ignored.
Netlist warning in file /usr/local/src/kestrel/sim/models/sg13g2_psp103_tt.lib
 at or near line 1
 No model parameter CTGO found for model SG13G2_NMOS of type NMOS, parameter
 ignored.
Netlist warning in file /usr/local/src/kestrel/sim/models/sg13g2_psp103_tt.lib
 at or near line 1
 No model parameter DTA found for model SG13G2_NMOS of type NMOS, parameter
 ignored.
Netlist warning in file /usr/local/src/kestrel/sim/models/sg13g2_psp103_tt.lib
 at or near line 1
 No model parameter MUNQSO found for model SG13G2_NMOS of type NMOS, parameter
 ignored.
Netlist warning in file /usr/local/src/kestrel/sim/models/sg13g2_psp103_tt.lib
 at or near line 1
 No model parameter NSUBEDGELEXP found for model SG13G2_NMOS of type NMOS,
 parameter ignored.
Netlist warning in file /usr/local/src/kestrel/sim/models/sg13g2_psp103_tt.lib
 at or near line 1
 No model parameter ST2VFBO found for model SG13G2_NMOS of type NMOS,
 parameter ignored.
Netlist warning in file /usr/local/src/kestrel/sim/models/sg13g2_psp103_tt.lib
 at or near line 1
 No model parameter STCTO found for model SG13G2_NMOS of type NMOS, parameter
 ignored.
Netlist warning in file /usr/local/src/kestrel/sim/models/sg13g2_psp103_tt.lib
 at or near line 1
 No model parameter STTHECSO found for model SG13G2_NMOS of type NMOS,
 parameter ignored.
Netlist warning in file /usr/local/src/kestrel/sim/models/sg13g2_psp103_tt.lib
 at or near line 1
 No model parameter SWNQS found for model SG13G2_NMOS of type NMOS, parameter
 ignored.
Netlist warning in file /usr/local/src/kestrel/sim/models/sg13g2_psp103_tt.lib
 at or near line 1
 No model parameter THECSO found for model SG13G2_NMOS of type NMOS, parameter
 ignored.
***** Setting up topology...

preprocess: warning: 'discipline.h' not found (skipped)
build_vae_so: built /tmp/pyms_vae_cache/vae_PSP103VA_ff84a5940a1dcbfd.so (782 params, full)
***** Device Count Summary ...
       C level 1 (Capacitor)                   1
       PSP103VA (PSP103VA)                     6
       V level 1 (Independent Voltage Source)  5
       -----------------------------------------
       Total Devices                          12
***** Setting up matrix structure...
***** Number of Unknowns = 19
***** Initializing...

***** Beginning DC Operating Point Calculation...

***** Beginning Transient Calculation...

***** Percent complete: 1.24 %
***** Current system time: Fri Sep 25 12:25:57 2026
***** Estimated time to completion:  0 sec.

***** Percent complete: 2.52 %
***** Current system time: Fri Sep 25 12:25:57 2026
***** Estimated time to completion:  0 sec.

***** Percent complete: 4.52 %
***** Current system time: Fri Sep 25 12:25:57 2026
***** Estimated time to completion:  0 sec.

***** Percent complete: 6.52 %
***** Current system time: Fri Sep 25 12:25:57 2026
***** Estimated time to completion:  0 sec.

***** Percent complete: 8.52 %
***** Current system time: Fri Sep 25 12:25:57 2026
***** Estimated time to completion:  0 sec.

***** Percent complete: 10.52 %
***** Current system time: Fri Sep 25 12:25:57 2026
***** Estimated time to completion:  0 sec.

***** Percent complete: 12.52 %
***** Current system time: Fri Sep 25 12:25:57 2026
***** Estimated time to completion:  0 sec.

***** Percent complete: 14.52 %
***** Current system time: Fri Sep 25 12:25:57 2026
***** Estimated time to completion:  0 sec.

***** Percent complete: 16.52 %
***** Current system time: Fri Sep 25 12:25:57 2026
***** Estimated time to completion:  0 sec.

***** Percent complete: 18.52 %
***** Current system time: Fri Sep 25 12:25:57 2026
***** Estimated time to completion:  0 sec.

***** Percent complete: 20 %
***** Current system time: Fri Sep 25 12:25:57 2026
***** Estimated time to completion:  0 sec.

***** Percent complete: 21.1196 %
***** Current system time: Fri Sep 25 12:25:57 2026
***** Estimated time to completion:  0 sec.

***** Percent complete: 22.1285 %
***** Current system time: Fri Sep 25 12:25:57 2026
***** Estimated time to completion:  0 sec.

***** Percent complete: 23.1419 %
***** Current system time: Fri Sep 25 12:25:57 2026
***** Estimated time to completion:  0 sec.

***** Percent complete: 24.2047 %
***** Current system time: Fri Sep 25 12:25:57 2026
***** Estimated time to completion:  0 sec.

***** Percent complete: 25.2676 %
***** Current system time: Fri Sep 25 12:25:57 2026
***** Estimated time to completion:  0 sec.

***** Percent complete: 26.3304 %
***** Current system time: Fri Sep 25 12:25:57 2026
***** Estimated time to completion:  0 sec.

***** Percent complete: 27.4995 %
***** Current system time: Fri Sep 25 12:25:57 2026
***** Estimated time to completion:  0 sec.

***** Percent complete: 28.5623 %
***** Current system time: Fri Sep 25 12:25:57 2026
***** Estimated time to completion:  0 sec.

***** Percent complete: 29.8377 %
***** Current system time: Fri Sep 25 12:25:57 2026
***** Estimated time to completion:  0 sec.

***** Percent complete: 31.5382 %
***** Current system time: Fri Sep 25 12:25:57 2026
***** Estimated time to completion:  0 sec.

***** Percent complete: 33.2387 %
***** Current system time: Fri Sep 25 12:25:57 2026
***** Estimated time to completion:  0 sec.

***** Percent complete: 34.9392 %
***** Current system time: Fri Sep 25 12:25:57 2026
***** Estimated time to completion:  0 sec.

***** Percent complete: 37.49 %
***** Current system time: Fri Sep 25 12:25:57 2026
***** Estimated time to completion:  0 sec.

***** Percent complete: 40.891 %
***** Current system time: Fri Sep 25 12:25:57 2026
***** Estimated time to completion:  0 sec.

***** Percent complete: 44.2921 %
***** Current system time: Fri Sep 25 12:25:57 2026
***** Estimated time to completion:  0 sec.

***** Percent complete: 47.6931 %
***** Current system time: Fri Sep 25 12:25:57 2026
***** Estimated time to completion:  0 sec.

***** Percent complete: 51.0941 %
***** Current system time: Fri Sep 25 12:25:57 2026
***** Estimated time to completion:  0 sec.

***** Percent complete: 54.4951 %
***** Current system time: Fri Sep 25 12:25:57 2026
***** Estimated time to completion:  0 sec.

***** Percent complete: 57.8962 %
***** Current system time: Fri Sep 25 12:25:57 2026
***** Estimated time to completion:  0 sec.

***** Percent complete: 62.69 %
***** Current system time: Fri Sep 25 12:25:57 2026
***** Estimated time to completion:  0 sec.

***** Percent complete: 63.7111 %
***** Current system time: Fri Sep 25 12:25:57 2026
***** Estimated time to completion:  0 sec.

***** Percent complete: 64.7571 %
***** Current system time: Fri Sep 25 12:25:57 2026
***** Estimated time to completion:  0 sec.

***** Percent complete: 65.7909 %
***** Current system time: Fri Sep 25 12:25:57 2026
***** Estimated time to completion:  0 sec.

***** Percent complete: 66.9541 %
***** Current system time: Fri Sep 25 12:25:57 2026
***** Estimated time to completion:  0 sec.

***** Percent complete: 67.9695 %
***** Current system time: Fri Sep 25 12:25:57 2026
***** Estimated time to completion:  0 sec.

***** Percent complete: 69.0668 %
***** Current system time: Fri Sep 25 12:25:57 2026
***** Estimated time to completion:  0 sec.

***** Percent complete: 70.1443 %
***** Current system time: Fri Sep 25 12:25:57 2026
***** Estimated time to completion:  0 sec.

***** Percent complete: 71.2217 %
***** Current system time: Fri Sep 25 12:25:57 2026
***** Estimated time to completion:  0 sec.

***** Percent complete: 72.2991 %
***** Current system time: Fri Sep 25 12:25:57 2026
***** Estimated time to completion:  0 sec.

***** Percent complete: 73.3765 %
***** Current system time: Fri Sep 25 12:25:57 2026
***** Estimated time to completion:  0 sec.

***** Percent complete: 74.4539 %
***** Current system time: Fri Sep 25 12:25:57 2026
***** Estimated time to completion:  0 sec.

***** Percent complete: 75.5314 %
***** Current system time: Fri Sep 25 12:25:57 2026
***** Estimated time to completion:  0 sec.

***** Percent complete: 76.9679 %
***** Current system time: Fri Sep 25 12:25:57 2026
***** Estimated time to completion:  0 sec.

***** Percent complete: 78.4045 %
***** Current system time: Fri Sep 25 12:25:57 2026
***** Estimated time to completion:  0 sec.

***** Percent complete: 79.841 %
***** Current system time: Fri Sep 25 12:25:57 2026
***** Estimated time to completion:  0 sec.

***** Percent complete: 81.2776 %
***** Current system time: Fri Sep 25 12:25:57 2026
***** Estimated time to completion:  0 sec.

***** Percent complete: 82.7142 %
***** Current system time: Fri Sep 25 12:25:57 2026
***** Estimated time to completion:  0 sec.

***** Percent complete: 84.1507 %
***** Current system time: Fri Sep 25 12:25:57 2026
***** Estimated time to completion:  0 sec.

***** Percent complete: 85.5873 %
***** Current system time: Fri Sep 25 12:25:57 2026
***** Estimated time to completion:  0 sec.

***** Percent complete: 88.4604 %
***** Current system time: Fri Sep 25 12:25:57 2026
***** Estimated time to completion:  0 sec.

***** Percent complete: 94.2066 %
***** Current system time: Fri Sep 25 12:25:57 2026
***** Estimated time to completion:  0 sec.

***** Percent complete: 99.9529 %
***** Current system time: Fri Sep 25 12:25:57 2026
***** Estimated time to completion:  0 sec.

***** Problem read in and set up time: 186.784 seconds
 ***** DCOP time: 0.00525594 seconds.  Breakdown follows:
	Number Successful Steps Taken:		1
	Number Failed Steps Attempted:		0
	Number Jacobians Evaluated:		19
	Number Linear Solves:			19
	Number Failed Linear Solves:		0
	Number Residual Evaluations:		21
	Number Nonlinear Convergence Failures:	0
	Total Residual Load Time:		0.00263691 seconds
	Total Jacobian Load Time:		0.000147581 seconds
	Total Linear Solution Time:		0.000439167 seconds

 ***** Transient Stepping time: 0.113917 seconds.  Breakdown follows:
	Number Successful Steps Taken:		270
	Number Failed Steps Attempted:		12
	Number Jacobians Evaluated:		445
	Number Linear Solves:			445
	Number Failed Linear Solves:		0
	Number Residual Evaluations:		727
	Number Nonlinear Convergence Failures:	0
	Total Residual Load Time:		0.0915661 seconds
	Total Jacobian Load Time:		0.00366569 seconds
	Total Linear Solution Time:		0.00596762 seconds


***** Solution Summary *****
	Number Successful Steps Taken:		271
	Number Failed Steps Attempted:		12
	Number Jacobians Evaluated:		464
	Number Linear Solves:			464
	Number Failed Linear Solves:		0
	Number Residual Evaluations:		748
	Number Nonlinear Convergence Failures:	0
	Total Residual Load Time:		0.094203 seconds
	Total Jacobian Load Time:		0.00381327 seconds
	Total Linear Solution Time:		0.00640678 seconds


 ***** Measure Functions ***** 

QC6 = -3.022402e-14
Measure Start Time= 9.000000e-10	Measure End Time= 4.900000e-09

VXC6 = 1.232355e+00 at time = 1.112764e-09
Measure Start Time= 9.000000e-10	Measure End Time= 4.900000e-09

VNC6 = -1.632935e-02 at time = 3.240290e-09
Measure Start Time= 9.000000e-10	Measure End Time= 4.900000e-09


***** Total Simulation Solvers Run Time: 0.119467 seconds
***** Total Elapsed Run Time:            186.903 seconds
*****
***** End of Xyce(TM) Simulation
*****

Timing summary of 1 processor
                 Stats                   Count       CPU Time              Wall Time
---------------------------------------- ----- --------------------- ---------------------
Xyce                                         1        1.359 (100.0%)     3:06.904 (100.0%)
  Analysis                                   1        0.119 ( 8.77%)        0.119 ( 0.06%)
    Transient                                1        0.119 ( 8.76%)        0.119 ( 0.06%)
      Nonlinear Solve                      283        0.112 ( 8.25%)        0.112 ( 0.06%)
        Residual                           748        0.095 ( 6.98%)        0.095 ( 0.05%)
        Jacobian                           464        0.004 ( 0.31%)        0.004 (<0.01%)
        Linear Solve                       464        0.007 ( 0.50%)        0.007 (<0.01%)
      Successful DCOP Steps                  1        0.000 ( 0.03%)        0.000 (<0.01%)
      Successful Step                      270        0.003 ( 0.19%)        0.003 (<0.01%)
      Failed Steps                          12        0.000 (<0.01%)        0.000 (<0.01%)
  Netlist Import                             1        1.075 (79.05%)     3:06.773 (99.93%)
    Parse Context                            1        1.070 (78.72%)       12.992 ( 6.95%)
    Distribute Devices                       1        0.004 ( 0.27%)        0.004 (<0.01%)
    Verify Devices                           1        0.000 (<0.01%)        0.000 (<0.01%)
    Instantiate                              1        0.000 ( 0.03%)     2:53.777 (92.98%)
  Late Initialization                        1        0.001 ( 0.04%)        0.001 (<0.01%)
    Global Indices                           1        0.000 ( 0.00%)        0.000 (<0.01%)
  Setup Matrix Structure                     1        0.000 ( 0.00%)        0.000 (<0.01%)

