
*****
***** Welcome to the Xyce(TM) Parallel Electronic Simulator
*****
***** This is version Xyce DEVELOPMENT-202607082310-()-opensource
***** Date: Fri Sep 25 12:26:25 PDT 2026


***** Executing netlist s9.sp

***** Reading and parsing netlist...
Netlist warning: .HDL: compiled and registered PSP103VA from
 /usr/local/share/xyce/verilog-a/psp103/psp103.va
Netlist warning: No print specified
Netlist warning in file /usr/local/src/kestrel/sim/models/sg13g2_psp103_tt.lib
 at or near line 67
 No model parameter CTBO found for model SG13G2_PMOS of type PMOS, parameter
 ignored.
Netlist warning in file /usr/local/src/kestrel/sim/models/sg13g2_psp103_tt.lib
 at or near line 67
 No model parameter CTGO found for model SG13G2_PMOS of type PMOS, parameter
 ignored.
Netlist warning in file /usr/local/src/kestrel/sim/models/sg13g2_psp103_tt.lib
 at or near line 67
 No model parameter DTA found for model SG13G2_PMOS of type PMOS, parameter
 ignored.
Netlist warning in file /usr/local/src/kestrel/sim/models/sg13g2_psp103_tt.lib
 at or near line 67
 No model parameter MUNQSO found for model SG13G2_PMOS of type PMOS, parameter
 ignored.
Netlist warning in file /usr/local/src/kestrel/sim/models/sg13g2_psp103_tt.lib
 at or near line 67
 No model parameter NSUBEDGELEXP found for model SG13G2_PMOS of type PMOS,
 parameter ignored.
Netlist warning in file /usr/local/src/kestrel/sim/models/sg13g2_psp103_tt.lib
 at or near line 67
 No model parameter ST2VFBO found for model SG13G2_PMOS of type PMOS,
 parameter ignored.
Netlist warning in file /usr/local/src/kestrel/sim/models/sg13g2_psp103_tt.lib
 at or near line 67
 No model parameter STCTO found for model SG13G2_PMOS of type PMOS, parameter
 ignored.
Netlist warning in file /usr/local/src/kestrel/sim/models/sg13g2_psp103_tt.lib
 at or near line 67
 No model parameter STTHECSO found for model SG13G2_PMOS of type PMOS,
 parameter ignored.
Netlist warning in file /usr/local/src/kestrel/sim/models/sg13g2_psp103_tt.lib
 at or near line 67
 No model parameter SWNQS found for model SG13G2_PMOS of type PMOS, parameter
 ignored.
Netlist warning in file /usr/local/src/kestrel/sim/models/sg13g2_psp103_tt.lib
 at or near line 67
 No model parameter THECSO found for model SG13G2_PMOS of type PMOS, parameter
 ignored.
Netlist warning in file /usr/local/src/kestrel/sim/models/sg13g2_psp103_tt.lib
 at or near line 1
 No model parameter CTBO found for model SG13G2_NMOS of type NMOS, parameter
 ignored.
Netlist warning in file /usr/local/src/kestrel/sim/models/sg13g2_psp103_tt.lib
 at or near line 1
 No model parameter CTGO found for model SG13G2_NMOS of type NMOS, parameter
 ignored.
Netlist warning in file /usr/local/src/kestrel/sim/models/sg13g2_psp103_tt.lib
 at or near line 1
 No model parameter DTA found for model SG13G2_NMOS of type NMOS, parameter
 ignored.
Netlist warning in file /usr/local/src/kestrel/sim/models/sg13g2_psp103_tt.lib
 at or near line 1
 No model parameter MUNQSO found for model SG13G2_NMOS of type NMOS, parameter
 ignored.
Netlist warning in file /usr/local/src/kestrel/sim/models/sg13g2_psp103_tt.lib
 at or near line 1
 No model parameter NSUBEDGELEXP found for model SG13G2_NMOS of type NMOS,
 parameter ignored.
Netlist warning in file /usr/local/src/kestrel/sim/models/sg13g2_psp103_tt.lib
 at or near line 1
 No model parameter ST2VFBO found for model SG13G2_NMOS of type NMOS,
 parameter ignored.
Netlist warning in file /usr/local/src/kestrel/sim/models/sg13g2_psp103_tt.lib
 at or near line 1
 No model parameter STCTO found for model SG13G2_NMOS of type NMOS, parameter
 ignored.
Netlist warning in file /usr/local/src/kestrel/sim/models/sg13g2_psp103_tt.lib
 at or near line 1
 No model parameter STTHECSO found for model SG13G2_NMOS of type NMOS,
 parameter ignored.
Netlist warning in file /usr/local/src/kestrel/sim/models/sg13g2_psp103_tt.lib
 at or near line 1
 No model parameter SWNQS found for model SG13G2_NMOS of type NMOS, parameter
 ignored.
Netlist warning in file /usr/local/src/kestrel/sim/models/sg13g2_psp103_tt.lib
 at or near line 1
 No model parameter THECSO found for model SG13G2_NMOS of type NMOS, parameter
 ignored.
***** Setting up topology...

***** Device Count Summary ...
       C level 1 (Capacitor)                   1
       PSP103VA (PSP103VA)                    12
       V level 1 (Independent Voltage Source)  5
       -----------------------------------------
       Total Devices                          18
***** Setting up matrix structure...
***** Number of Unknowns = 29
***** Initializing...

***** Beginning DC Operating Point Calculation...

***** Beginning Transient Calculation...

***** Percent complete: 1.24 %
***** Current system time: Fri Sep 25 12:26:37 2026
***** Estimated time to completion:  1 sec.

***** Percent complete: 2.52 %
***** Current system time: Fri Sep 25 12:26:37 2026
***** Estimated time to completion:  0 sec.

***** Percent complete: 4.52 %
***** Current system time: Fri Sep 25 12:26:37 2026
***** Estimated time to completion:  0 sec.

***** Percent complete: 6.52 %
***** Current system time: Fri Sep 25 12:26:37 2026
***** Estimated time to completion:  0 sec.

***** Percent complete: 8.52 %
***** Current system time: Fri Sep 25 12:26:37 2026
***** Estimated time to completion:  0 sec.

***** Percent complete: 10.52 %
***** Current system time: Fri Sep 25 12:26:37 2026
***** Estimated time to completion:  0 sec.

***** Percent complete: 12.52 %
***** Current system time: Fri Sep 25 12:26:37 2026
***** Estimated time to completion:  0 sec.

***** Percent complete: 14.52 %
***** Current system time: Fri Sep 25 12:26:37 2026
***** Estimated time to completion:  0 sec.

***** Percent complete: 16.52 %
***** Current system time: Fri Sep 25 12:26:37 2026
***** Estimated time to completion:  0 sec.

***** Percent complete: 18.52 %
***** Current system time: Fri Sep 25 12:26:37 2026
***** Estimated time to completion:  0 sec.

***** Percent complete: 20 %
***** Current system time: Fri Sep 25 12:26:37 2026
***** Estimated time to completion:  0 sec.

***** Percent complete: 21.1713 %
***** Current system time: Fri Sep 25 12:26:37 2026
***** Estimated time to completion:  0 sec.

***** Percent complete: 22.1788 %
***** Current system time: Fri Sep 25 12:26:37 2026
***** Estimated time to completion:  0 sec.

***** Percent complete: 23.2018 %
***** Current system time: Fri Sep 25 12:26:37 2026
***** Estimated time to completion:  0 sec.

***** Percent complete: 24.2095 %
***** Current system time: Fri Sep 25 12:26:37 2026
***** Estimated time to completion:  0 sec.

***** Percent complete: 25.2172 %
***** Current system time: Fri Sep 25 12:26:37 2026
***** Estimated time to completion:  0 sec.

***** Percent complete: 26.2249 %
***** Current system time: Fri Sep 25 12:26:37 2026
***** Estimated time to completion:  0 sec.

***** Percent complete: 27.2325 %
***** Current system time: Fri Sep 25 12:26:37 2026
***** Estimated time to completion:  0 sec.

***** Percent complete: 28.418 %
***** Current system time: Fri Sep 25 12:26:37 2026
***** Estimated time to completion:  0 sec.

***** Percent complete: 29.8406 %
***** Current system time: Fri Sep 25 12:26:37 2026
***** Estimated time to completion:  0 sec.

***** Percent complete: 31.2633 %
***** Current system time: Fri Sep 25 12:26:37 2026
***** Estimated time to completion:  0 sec.

***** Percent complete: 33.1601 %
***** Current system time: Fri Sep 25 12:26:37 2026
***** Estimated time to completion:  0 sec.

***** Percent complete: 35.0569 %
***** Current system time: Fri Sep 25 12:26:37 2026
***** Estimated time to completion:  0 sec.

***** Percent complete: 36.9537 %
***** Current system time: Fri Sep 25 12:26:37 2026
***** Estimated time to completion:  0 sec.

***** Percent complete: 40.7473 %
***** Current system time: Fri Sep 25 12:26:37 2026
***** Estimated time to completion:  0 sec.

***** Percent complete: 44.5409 %
***** Current system time: Fri Sep 25 12:26:37 2026
***** Estimated time to completion:  0 sec.

***** Percent complete: 48.3345 %
***** Current system time: Fri Sep 25 12:26:37 2026
***** Estimated time to completion:  0 sec.

***** Percent complete: 52.1281 %
***** Current system time: Fri Sep 25 12:26:37 2026
***** Estimated time to completion:  0 sec.

***** Percent complete: 55.9217 %
***** Current system time: Fri Sep 25 12:26:37 2026
***** Estimated time to completion:  0 sec.

***** Percent complete: 62.52 %
***** Current system time: Fri Sep 25 12:26:37 2026
***** Estimated time to completion:  0 sec.

***** Percent complete: 63.6088 %
***** Current system time: Fri Sep 25 12:26:37 2026
***** Estimated time to completion:  0 sec.

***** Percent complete: 64.6495 %
***** Current system time: Fri Sep 25 12:26:37 2026
***** Estimated time to completion:  0 sec.

***** Percent complete: 65.6695 %
***** Current system time: Fri Sep 25 12:26:37 2026
***** Estimated time to completion:  0 sec.

***** Percent complete: 66.7414 %
***** Current system time: Fri Sep 25 12:26:37 2026
***** Estimated time to completion:  0 sec.

***** Percent complete: 67.7668 %
***** Current system time: Fri Sep 25 12:26:37 2026
***** Estimated time to completion:  0 sec.

***** Percent complete: 68.7921 %
***** Current system time: Fri Sep 25 12:26:37 2026
***** Estimated time to completion:  0 sec.

***** Percent complete: 69.8175 %
***** Current system time: Fri Sep 25 12:26:37 2026
***** Estimated time to completion:  0 sec.

***** Percent complete: 70.858 %
***** Current system time: Fri Sep 25 12:26:37 2026
***** Estimated time to completion:  0 sec.

***** Percent complete: 71.9428 %
***** Current system time: Fri Sep 25 12:26:37 2026
***** Estimated time to completion:  0 sec.

***** Percent complete: 73.0276 %
***** Current system time: Fri Sep 25 12:26:37 2026
***** Estimated time to completion:  0 sec.

***** Percent complete: 74.1124 %
***** Current system time: Fri Sep 25 12:26:37 2026
***** Estimated time to completion:  0 sec.

***** Percent complete: 76.0108 %
***** Current system time: Fri Sep 25 12:26:37 2026
***** Estimated time to completion:  0 sec.

***** Percent complete: 77.0956 %
***** Current system time: Fri Sep 25 12:26:37 2026
***** Estimated time to completion:  0 sec.

***** Percent complete: 78.1804 %
***** Current system time: Fri Sep 25 12:26:37 2026
***** Estimated time to completion:  0 sec.

***** Percent complete: 79.2652 %
***** Current system time: Fri Sep 25 12:26:37 2026
***** Estimated time to completion:  0 sec.

***** Percent complete: 81.4347 %
***** Current system time: Fri Sep 25 12:26:37 2026
***** Estimated time to completion:  0 sec.

***** Percent complete: 83.6043 %
***** Current system time: Fri Sep 25 12:26:37 2026
***** Estimated time to completion:  0 sec.

***** Percent complete: 85.7739 %
***** Current system time: Fri Sep 25 12:26:37 2026
***** Estimated time to completion:  0 sec.

***** Percent complete: 87.9435 %
***** Current system time: Fri Sep 25 12:26:37 2026
***** Estimated time to completion:  0 sec.

***** Percent complete: 92.2827 %
***** Current system time: Fri Sep 25 12:26:37 2026
***** Estimated time to completion:  0 sec.

***** Problem read in and set up time: 11.9541 seconds
 ***** DCOP time: 0.0138102 seconds.  Breakdown follows:
	Number Successful Steps Taken:		1
	Number Failed Steps Attempted:		0
	Number Jacobians Evaluated:		41
	Number Linear Solves:			41
	Number Failed Linear Solves:		0
	Number Residual Evaluations:		43
	Number Nonlinear Convergence Failures:	0
	Total Residual Load Time:		0.0102665 seconds
	Total Jacobian Load Time:		0.000427961 seconds
	Total Linear Solution Time:		0.000905275 seconds

 ***** Transient Stepping time: 0.281264 seconds.  Breakdown follows:
	Number Successful Steps Taken:		359
	Number Failed Steps Attempted:		10
	Number Jacobians Evaluated:		636
	Number Linear Solves:			636
	Number Failed Linear Solves:		0
	Number Residual Evaluations:		1005
	Number Nonlinear Convergence Failures:	0
	Total Residual Load Time:		0.242191 seconds
	Total Jacobian Load Time:		0.00756931 seconds
	Total Linear Solution Time:		0.0119829 seconds


***** Solution Summary *****
	Number Successful Steps Taken:		360
	Number Failed Steps Attempted:		10
	Number Jacobians Evaluated:		677
	Number Linear Solves:			677
	Number Failed Linear Solves:		0
	Number Residual Evaluations:		1048
	Number Nonlinear Convergence Failures:	0
	Total Residual Load Time:		0.252457 seconds
	Total Jacobian Load Time:		0.00799727 seconds
	Total Linear Solution Time:		0.0128882 seconds


 ***** Measure Functions ***** 

QC9 = -5.300601e-14
Measure Start Time= 9.000000e-10	Measure End Time= 4.900000e-09

VXC9 = 1.220267e+00 at time = 3.379018e-09
Measure Start Time= 9.000000e-10	Measure End Time= 4.900000e-09

VNC9 = -1.470880e-02 at time = 1.183802e-09
Measure Start Time= 9.000000e-10	Measure End Time= 4.900000e-09


***** Total Simulation Solvers Run Time: 0.295334 seconds
***** Total Elapsed Run Time:            12.2494 seconds
*****
***** End of Xyce(TM) Simulation
*****

Timing summary of 1 processor
                 Stats                   Count       CPU Time              Wall Time
---------------------------------------- ----- --------------------- ---------------------
Xyce                                         1        1.036 (100.0%)       12.251 (100.0%)
  Analysis                                   1        0.295 (28.46%)        0.295 ( 2.41%)
    Transient                                1        0.295 (28.46%)        0.295 ( 2.41%)
      Nonlinear Solve                      370        0.285 (27.54%)        0.286 ( 2.33%)
        Residual                          1048        0.253 (24.45%)        0.254 ( 2.07%)
        Jacobian                           677        0.009 ( 0.82%)        0.009 ( 0.07%)
        Linear Solve                       677        0.013 ( 1.29%)        0.013 ( 0.11%)
      Successful DCOP Steps                  1        0.000 ( 0.03%)        0.000 (<0.01%)
      Successful Step                      359        0.004 ( 0.40%)        0.004 ( 0.03%)
      Failed Steps                          10        0.000 (<0.01%)        0.000 (<0.01%)
  Netlist Import                             1        0.735 (70.94%)       11.952 (97.56%)
    Parse Context                            1        0.722 (69.72%)       11.929 (97.38%)
    Distribute Devices                       1        0.004 ( 0.43%)        0.004 ( 0.04%)
    Verify Devices                           1        0.000 (<0.01%)        0.000 (<0.01%)
    Instantiate                              1        0.005 ( 0.49%)        0.017 ( 0.14%)
  Late Initialization                        1        0.001 ( 0.12%)        0.001 ( 0.01%)
    Global Indices                           1        0.000 (<0.01%)        0.000 (<0.01%)
  Setup Matrix Structure                     1        0.000 ( 0.04%)        0.000 (<0.01%)

