P finger ok: 8 rects
N outer gate [50.055, 41.035, 50.205, 41.685] net _100_
gap window [47.555, 41.485, 52.705, 42.985]
N stack ok: 37 rects; route {'cells': 411985, 'layers': 3, 'obstacles': 274, 'targets': 17216, 'pops': 203504, 'path_cells': 266, 'cost': 289, 'repairs': 0, 'unrepaired_faults': 0}
   new poly  [51.07, 40.905, 51.22, 41.815]
   new poly  [51.49, 40.905, 51.64, 41.815]
   new poly  [50.59, 40.755, 50.74, 41.815]
   new poly  [50.055, 40.755, 50.74, 40.905]
   new licon [51.69, 41.125, 51.86, 41.295]
   new li    [51.69, 40.715, 51.945, 41.375]
   new poly  [51.07, 40.255, 51.29, 40.525]
   new poly  [51.07, 40.525, 51.22, 40.905]
   new licon [51.07, 40.305, 51.24, 40.475]
   new li    [50.99, 40.305, 51.32, 40.475]
   new li    [49.95, 40.3, 51.24, 40.47]
   new li    [49.95, 40.2, 50.12, 40.47]
   new mcon  [49.95, 40.2, 50.12, 40.37]
   new li    [49.95, 40.2, 50.12, 40.37]
   new met1  [49.92, 40.17, 50.15, 40.4]
   new met1  [49.965, 40.215, 50.105, 40.355]
   new via1  [49.96, 40.21, 50.11, 40.36]
   new met1  [49.905, 40.155, 50.165, 40.415]
   new met2  [49.905, 40.155, 50.165, 40.415]
   new met2  [49.965, 40.215, 50.105, 41.905]
   new poly  [51.49, 42.085, 51.71, 42.355]
   new poly  [51.49, 41.815, 51.64, 42.085]
   new licon [51.49, 42.135, 51.66, 42.305]
   new li    [51.49, 42.055, 51.66, 42.385]
   new li    [50.685, 42.14, 51.665, 42.31]
   new li    [50.685, 42.14, 50.855, 42.4]
   new mcon  [50.685, 42.23, 50.855, 42.4]
   new li    [50.685, 42.23, 50.855, 42.4]
   new met1  [50.655, 42.2, 50.885, 42.43]
   new met1  [50.21, 42.245, 50.84, 42.385]
   new met1  [50.21, 42.245, 50.35, 42.405]
   new met1  [48.98, 42.265, 50.35, 42.405]
   new poly  [50.445, 41.73, 50.74, 41.88]
   new poly  [50.57, 41.815, 50.74, 42.005]
   new poly  [50.445, 41.73, 50.74, 42.155]
signature equal: True
new violations: 0 []
devices: ['p W=2.00 f=2', 'p W=1.00 f=1', 'p W=1.00 f=1', 'n W=0.65 f=1', 'n W=0.65 f=1', 'n W=0.65 f=1', 'n W=0.65 f=1', 'n W=0.65 f=1', 'n W=0.65 f=1']
ref_devices          2475
our_devices          2475
wl_match             True
ref_nets             1355
our_nets             1355
degree_hist_match    True
isomorphic           True
