== 1. layout truth for kestrel_delay_cell#0 (5673 rects, 167 devices)
   Mn1_diff     W=20.000 um  L=0.360 um
   Mn2_diff     W=20.000 um  L=0.360 um
   Mp1a_diode   W=10.000 um  L=0.360 um
   Mp1b_ctrl    W=10.000 um  L=0.360 um
   Mp2a_diode   W=10.000 um  L=0.360 um
   Mp2b_ctrl    W=10.000 um  L=0.360 um
   Mtail        W=40.000 um  L=0.360 um
   cell-local output-node wiring C = 1.578 fF per node
== 2. Xyce sweep (vctrl=0.9 V) for the T0 drive-model fit
   Xyce fit: tail                    tail x0.800  C_par   1.58 fF  ->  f =  414.61 MHz  (4.5s)
   Xyce fit: tail                    tail x1.000  C_par   1.58 fF  ->  f =  453.12 MHz  (4.9s)
   Xyce fit: tail                    tail x1.250  C_par   1.58 fF  ->  f =  482.18 MHz  (6.0s)
   Xyce fit: +C                      tail x1.000  C_par   6.58 fF  ->  f =  434.01 MHz  (4.7s)
   Xyce fit: +C                      tail x1.000  C_par  11.58 fF  ->  f =  416.09 MHz  (4.2s)
   fit: f = k * (W_tail/W0)^a / (C_int + C_par):  a = 0.338  C_int = 110.79 fF  k = 5.09e+04 MHz*fF
   in-sample residuals: 1.34%, 0.00%, 1.34%, -0.04%, 0.00%
== 3. layopt MOVES on the geometry, predicted by T0, checked by Xyce
   move A (Mtail x1.25, 4 cells): Mtail W 40.00 -> 50.00 um, 80 rects, topology preserved, 0 new violations, C_out 1.578 fF
   Xyce move A (held out)            tail x1.000  C_par   1.58 fF  ->  f =  482.18 MHz  (5.0s)
   move B (output stubs x2 width, 4 cells): 56 rects, topology preserved, 0 new violations, C_out 1.578 -> 1.629 fF
   Xyce move B (held out)            tail x1.000  C_par   1.63 fF  ->  f =  452.84 MHz  (4.8s)
   Xyce A+B (held out)               tail x1.000  C_par   1.63 fF  ->  f =  482.00 MHz  (5.1s)
   move A2 (Mtail x1.10, 4 cells): Mtail W 40.00 -> 44.00 um, topology preserved, 0 new violations
   Xyce move A2 (held out)           tail x1.000  C_par   1.58 fF  ->  f =  466.07 MHz  (4.6s)
== 4. T0 prediction vs Xyce
   move                 T0 MHz   Xyce MHz    error   Xyce shift vs baseline
   A: Mtail x1.25       488.66     482.18    1.34%   +6.41%
   B: stubs x2          452.92     452.84    0.02%   -0.06%
   A+B                  488.44     482.00    1.34%   +6.37%
   A2: Mtail x1.10      467.97     466.07    0.41%   +2.86%
   worst T0 error 1.34% (kestrel's own SPICE-loop tolerance: 3%)
   wrote evidence/l1_t0_drive_model.json, evidence/kestrel_pll_kg_mtail125.gds
