== gcd.def: 784 instances, 57263 rects, 2472 devices; baseline rule flags 186 (41s)
   4 logic cells have a fill_4/fill_8 flush on their right; trying 4
   _121_ (lpflow_isobufsrc_1, fill_4 to its right) [PN]: P finger LEGAL (17 rects)
   _121_ (lpflow_isobufsrc_1, fill_4 to its right) [PN]: N finger refused -- add_finger: foreign li at [67.515, 35.275, 67.9, 35.915] (_121_/sky130_fd_sc_hd__lpflow_isobufsrc_) conflicts with the mirrored strap [67.985, 35.615, 68.315, 36.255] over our contacts (y 35.585..36.255)
   _121_ (lpflow_isobufsrc_1, fill_4 to its right) [NP]: N finger LEGAL (10 rects)
   _121_ (lpflow_isobufsrc_1, fill_4 to its right) [NP]: P finger refused -- add_finger: series stack: no bridge for the mirrored gate of M71 (dpath.a_lt_b$in1\[10\]); candidates rejected by: {'head vs other poly': 1066, 'head vs diffusion': 18778}
      result (P): n W=0.42 f=1; n W=0.65 f=1; n W=0.65 f=1; p W=0.42 f=1; p W=1.00 f=1; p W=1.00 f=1; p W=1.00 f=1; p W=1.00 f=1
      switched energy of the cell's nets: 129.5 -> 140.8 fJ/transition (+11.4, +9%)
   _112_ (lpflow_isobufsrc_1, fill_8 to its right) [PN]: P finger LEGAL (18 rects)
   _112_ (lpflow_isobufsrc_1, fill_8 to its right) [PN]: N finger refused -- add_finger: no field for a poly bridge and no place for a contact bridge (poly head + met1 jumper to the gate pin); candidates rejected by: {'head vs diffusion': 18778, 'head vs other poly': 1066}
   _112_ (lpflow_isobufsrc_1, fill_8 to its right) [NP]: N finger LEGAL (12 rects)
   _112_ (lpflow_isobufsrc_1, fill_8 to its right): P finger REJECTED by the guard: topology preserved, 3 new violations
      min_space poly: rect 57273 vs 57263 0.190 < 0.210 um  [poly _112_/sky130_fd_sc_hd__lpflow_isobufsrc_1 vs poly _112_/sky130_fd_sc_hd__lpflow_isobufsrc_1]
      min_space poly: rect 57273 vs 57264 0.190 < 0.210 um  [poly _112_/sky130_fd_sc_hd__lpflow_isobufsrc_1 vs poly _112_/sky130_fd_sc_hd__lpflow_isobufsrc_1]
      min_space poly: rect 57286 vs 57263 0.160 < 0.210 um  [poly _112_/sky130_fd_sc_hd__lpflow_isobufsrc_1 vs poly _112_/sky130_fd_sc_hd__lpflow_isobufsrc_1]
      result (P): n W=0.42 f=1; n W=0.65 f=1; n W=0.65 f=1; p W=0.42 f=1; p W=1.00 f=1; p W=1.00 f=1; p W=1.00 f=1; p W=1.00 f=1
      switched energy of the cell's nets: 152.6 -> 164.3 fJ/transition (+11.8, +8%)
   _129_ (lpflow_isobufsrc_1, fill_8 to its right) [PN]: P finger LEGAL (20 rects)
   _129_ (lpflow_isobufsrc_1, fill_8 to its right) [PN]: N finger refused -- add_finger: foreign li at [51.415, 13.515, 51.8, 14.155] (_129_/sky130_fd_sc_hd__lpflow_isobufsrc_) conflicts with the mirrored strap [51.885, 13.855, 52.215, 14.495] over our contacts (y 13.825..14.495)
   _129_ (lpflow_isobufsrc_1, fill_8 to its right): N finger REJECTED by the guard: topology preserved, 2 new violations
      min_space li: rect 57268 vs 57271 0.050 < 0.170 um  [li _129_/sky130_fd_sc_hd__lpflow_isobufsrc_1 vs li _129_/sky130_fd_sc_hd__lpflow_isobufsrc_1]
      min_space li: rect 57271 vs 57268 0.050 < 0.170 um  [li _129_/sky130_fd_sc_hd__lpflow_isobufsrc_1 vs li _129_/sky130_fd_sc_hd__lpflow_isobufsrc_1]
   _129_ (lpflow_isobufsrc_1, fill_8 to its right) [NP]: P finger LEGAL (20 rects)
      result (P): n W=0.42 f=1; n W=0.65 f=1; n W=0.65 f=1; p W=0.42 f=1; p W=1.00 f=1; p W=1.00 f=1; p W=1.00 f=1; p W=1.00 f=1
      switched energy of the cell's nets: 134.2 -> 145.2 fJ/transition (+11.0, +8%)
   _138_ (lpflow_isobufsrc_1, fill_8 to its right) [PN]: P finger LEGAL (19 rects)
   _138_ (lpflow_isobufsrc_1, fill_8 to its right) [PN]: N finger refused -- add_finger: foreign li at [22.895, 24.395, 23.28, 25.035] (_138_/sky130_fd_sc_hd__lpflow_isobufsrc_) conflicts with the mirrored strap [23.365, 24.735, 23.695, 25.375] over our contacts (y 24.705..25.375)
   _138_ (lpflow_isobufsrc_1, fill_8 to its right) [NP]: N finger LEGAL (13 rects)
   _138_ (lpflow_isobufsrc_1, fill_8 to its right) [NP]: P finger LEGAL (29 rects)
      result (N+P): n W=0.42 f=1; n W=1.30 f=2; n W=0.65 f=1; p W=0.42 f=1; p W=1.00 f=1; p W=1.00 f=1; p W=1.00 f=1; p W=1.00 f=1
      switched energy of the cell's nets: 128.1 -> 145.4 fJ/transition (+17.3, +13%)
   legal moves: 4 of 4 attempted
