== gcd.def: 784 instances, 57263 rects, 2472 devices; baseline rule flags 598 (37s)
   7 logic cells have a fill_4/fill_8 flush on their right; trying 7
   _121_ (lpflow_isobufsrc_1, fill_4 to its right) [PN]: P finger LEGAL (17 rects)
   _121_ (lpflow_isobufsrc_1, fill_4 to its right) [PN]: N finger refused -- add_finger: foreign li at [67.515, 35.275, 67.9, 35.915] (_121_/sky130_fd_sc_hd__lpflow_isobufsrc_) conflicts with the mirrored strap [67.985, 35.615, 68.315, 36.255] over our contacts (y 35.585..36.255)
   _121_ (lpflow_isobufsrc_1, fill_4 to its right) [NP]: N finger LEGAL (10 rects)
   _121_ (lpflow_isobufsrc_1, fill_4 to its right) [NP]: P finger refused -- add_finger: series stack: no bridge for the mirrored gate of M71 (dpath.a_lt_b$in1\[10\]); candidates rejected by: {'head vs other poly': 1053, 'head vs diffusion': 18549}
      result (P): n W=0.42 f=1; n W=0.65 f=1; n W=0.65 f=1; p W=0.42 f=1; p W=1.00 f=1; p W=1.00 f=1; p W=1.00 f=1; p W=1.00 f=1
   _234_ (and2_0, fill_8 to its right) [PN]: P finger LEGAL (9 rects)
   _234_ (and2_0, fill_8 to its right) [PN]: N finger LEGAL (6 rects)
      result (P+N): n W=0.42 f=1; n W=0.42 f=1; n W=0.84 f=2; p W=1.28 f=2; p W=0.42 f=1; p W=0.42 f=1
      output net _090_: PMOS W 0.64 -> 1.28 um, R_rise/R_fall 12699/7209 -> 7099/3776 ohm; worst-edge Elmore to 2 receivers max 66.6 -> 37.7 ps, mean 66.6 -> 37.7 ps
   _202_ (mux2_1, fill_8 to its right) [PN]: P finger LEGAL (11 rects)
   _202_ (mux2_1, fill_8 to its right) [PN]: N finger LEGAL (7 rects)
      result (P+N): n W=0.42 f=1; n W=0.84 f=2; n W=0.42 f=1; n W=0.42 f=1; n W=0.42 f=1; n W=0.65 f=1; p W=1.00 f=1; p W=0.42 f=1; p W=0.84 f=2; p W=0.42 f=1; p W=0.42 f=1; p W=0.42 f=1
      output net dpath.b_mux$out\[7\]: PMOS W 1.00 -> 1.00 um, R_rise/R_fall 8733/4796 -> 8733/4796 ohm; worst-edge Elmore to 2 receivers max 29.1 -> 29.1 ps, mean 29.1 -> 29.1 ps
   _129_ (lpflow_isobufsrc_1, fill_8 to its right) [PN]: P finger LEGAL (20 rects)
   _129_ (lpflow_isobufsrc_1, fill_8 to its right) [PN]: N finger refused -- add_finger: foreign li at [51.415, 13.515, 51.8, 14.155] (_129_/sky130_fd_sc_hd__lpflow_isobufsrc_) conflicts with the mirrored strap [51.885, 13.855, 52.215, 14.495] over our contacts (y 13.825..14.495)
   _129_ (lpflow_isobufsrc_1, fill_8 to its right): N finger REJECTED by the guard: topology preserved, 2 new violations
      min_space li: rect 57268 vs 57271 0.050 < 0.170 um  [li _129_/sky130_fd_sc_hd__lpflow_isobufsrc_1 vs li _129_/sky130_fd_sc_hd__lpflow_isobufsrc_1]
      min_space li: rect 57271 vs 57268 0.050 < 0.170 um  [li _129_/sky130_fd_sc_hd__lpflow_isobufsrc_1 vs li _129_/sky130_fd_sc_hd__lpflow_isobufsrc_1]
   _129_ (lpflow_isobufsrc_1, fill_8 to its right) [NP]: P finger LEGAL (20 rects)
      result (P): n W=0.42 f=1; n W=0.65 f=1; n W=0.65 f=1; p W=0.42 f=1; p W=1.00 f=1; p W=1.00 f=1; p W=1.00 f=1; p W=1.00 f=1
   _154_ (lpflow_inputiso1p_1, fill_8 to its right) [PN]: P finger LEGAL (21 rects)
   _154_ (lpflow_inputiso1p_1, fill_8 to its right) [PN]: N finger LEGAL (6 rects)
      result (P+N): n W=0.42 f=1; n W=0.42 f=1; n W=1.30 f=2; p W=0.42 f=1; p W=0.42 f=1; p W=2.00 f=2
   _138_ (lpflow_isobufsrc_1, fill_8 to its right) [PN]: P finger LEGAL (19 rects)
   _138_ (lpflow_isobufsrc_1, fill_8 to its right) [PN]: N finger refused -- add_finger: foreign li at [22.895, 24.395, 23.28, 25.035] (_138_/sky130_fd_sc_hd__lpflow_isobufsrc_) conflicts with the mirrored strap [23.365, 24.735, 23.695, 25.375] over our contacts (y 24.705..25.375)
   _138_ (lpflow_isobufsrc_1, fill_8 to its right) [NP]: N finger LEGAL (13 rects)
   _138_ (lpflow_isobufsrc_1, fill_8 to its right) [NP]: P finger LEGAL (29 rects)
      result (N+P): n W=0.42 f=1; n W=1.30 f=2; n W=0.65 f=1; p W=0.42 f=1; p W=1.00 f=1; p W=1.00 f=1; p W=1.00 f=1; p W=1.00 f=1
   _186_ (xnor2_2, fill_4 to its right) [PN]: P finger LEGAL (11 rects)
   _186_ (xnor2_2, fill_4 to its right) [PN]: N finger LEGAL (24 rects)
      result (P+N): p W=2.00 f=2; p W=2.00 f=2; n W=1.30 f=2; n W=1.30 f=2; p W=2.00 f=2; p W=2.00 f=2; n W=1.30 f=2; n W=1.30 f=2; n W=1.95 f=3; p W=3.00 f=3
   legal moves: 7 of 7 attempted
