== 1. A = u1(inv_1) -> u4 short; B = u6(nor4_1: PMOS four-stack W 1.00, NMOS W 0.65) -> u9 short; a row of nand2_1 above (FS)
   baseline 50% delays driver+receiver: A rise/fall 100.9/87.6 ps, B 251.3/90.1 ps (R_rise 42268 / R_fall 4796 ohm); imbalance rise+fall 152.9 ps
   switched energy of the design: 578.8 fJ/transition
== 2. greedy search: u1 P/N 1..3, u1 gate length in [0.15, 0.18, 0.25], u6 P 1..2 (the stack, spread retry), u6 N 1..3, u6 PMOS Vt; states rebuilt from the base
  start  cost 1.05  {'u1_p': 1, 'u1_n': 1, 'u6_p': 1, 'u6_n': 1, 'u6_vt': 0, 'u1_lp': 0, 'u1_ln': 0}
      (u6 PMOS stack mirrored with a 0.42 um spread)
  round 1  cost 0.62572  {'u1_p': 1, 'u1_n': 1, 'u6_p': 1, 'u6_n': 1, 'u6_vt': 1, 'u1_lp': 0, 'u1_ln': 0}  {'A_rise': 100.862, 'A_fall': 87.584, 'B_rise': 187.778, 'B_fall': 90.085, 'spread_ps': 89.417, 'E_fJ': 578.768}
      (u6 PMOS stack mirrored with a 0.42 um spread)
  round 2  cost 0.39466  {'u1_p': 1, 'u1_n': 1, 'u6_p': 2, 'u6_n': 1, 'u6_vt': 1, 'u1_lp': 0, 'u1_ln': 0}  {'A_rise': 100.862, 'A_fall': 87.584, 'B_rise': 144.296, 'B_fall': 93.911, 'spread_ps': 49.761, 'E_fJ': 618.635}
      (u6 PMOS stack mirrored with a 0.42 um spread)
      (u6 PMOS stack mirrored with a 0.42 um spread)
      (u6 PMOS stack mirrored with a 0.42 um spread)
      (u6 PMOS stack mirrored with a 0.42 um spread)
      (u6 PMOS stack mirrored with a 0.42 um spread)
  round 3  cost 0.31281  {'u1_p': 1, 'u1_n': 1, 'u6_p': 2, 'u6_n': 1, 'u6_vt': 1, 'u1_lp': 1, 'u1_ln': 0}  {'A_rise': 110.738, 'A_fall': 90.63, 'B_rise': 144.296, 'B_fall': 93.911, 'spread_ps': 36.838, 'E_fJ': 620.086}
      (u6 PMOS stack mirrored with a 0.42 um spread)
      (u6 PMOS stack mirrored with a 0.42 um spread)
      (u6 PMOS stack mirrored with a 0.42 um spread)
      (u6 PMOS stack mirrored with a 0.42 um spread)
      (u6 PMOS stack mirrored with a 0.42 um spread)
      (u6 PMOS stack mirrored with a 0.42 um spread)
  round 4  cost 0.16003  {'u1_p': 1, 'u1_n': 1, 'u6_p': 2, 'u6_n': 1, 'u6_vt': 1, 'u1_lp': 2, 'u1_ln': 0}  {'A_rise': 134.906, 'A_fall': 97.025, 'B_rise': 144.296, 'B_fall': 93.911, 'spread_ps': 12.503, 'E_fJ': 623.48}
      (u6 PMOS stack mirrored with a 0.42 um spread)
      (u6 PMOS stack mirrored with a 0.42 um spread)
      (u6 PMOS stack mirrored with a 0.42 um spread)
      (u6 PMOS stack mirrored with a 0.42 um spread)
      (u6 PMOS stack mirrored with a 0.42 um spread)
      (u6 PMOS stack mirrored with a 0.42 um spread)
== 3. result: {'u1_p': 1, 'u1_n': 1, 'u6_p': 2, 'u6_n': 1, 'u6_vt': 1, 'u1_lp': 2, 'u1_ln': 0} -> A rise/fall 134.9/97.0 ps, B 144.3/93.9 ps, imbalance rise+fall 12.5 ps (was 152.9); switched energy 578.8 -> 623.5 fJ (+7.7%); legal=True topology_ok=True violations=0; 31 states
   u1 devices: ['p W=1.00 L=0.25 fingers=1 hvt', 'n W=0.65 L=0.25 fingers=1 std']
   u6 devices: ['n W=0.65 L=0.15 fingers=1 std', 'n W=0.65 L=0.15 fingers=1 std', 'n W=0.65 L=0.15 fingers=1 std', 'n W=0.65 L=0.15 fingers=1 std', 'p W=1.00 L=0.15 fingers=1 std', 'p W=1.00 L=0.15 fingers=1 std', 'p W=1.00 L=0.15 fingers=1 std', 'p W=1.00 L=0.15 fingers=1 std', 'p W=1.00 L=0.15 fingers=1 std', 'p W=1.00 L=0.15 fingers=1 std', 'p W=1.00 L=0.15 fingers=1 std', 'p W=1.00 L=0.15 fingers=1 std']
   wrote evidence/l4_stack_balanced.gds
EXIT 0
KLayout cross-check of evidence/l4_stack_balanced.gds: devices 94/94 wl True nets 94/94 isomorphic True
