** Note: accel-jit: params NUM_LANES=2 VX_gpu_pkg_ALU_TYPE_BITS=2 VX_gpu_pkg_BYTESEL_BITS=4 VX_gpu_pkg_INST_ARGS_BITS=27 VX_gpu_pkg_INST_FMT_BITS=2 VX_gpu_pkg_INST_FRM_BITS=3 VX_gpu_pkg_INST_OP_BITS=4 VX_gpu_pkg_NCTA_BITS=1 VX_gpu_pkg_NCTA_WIDTH=1 VX_gpu_pkg_NUM_CTA_MAX=2 VX_gpu_pkg_NUM_REGS=64 VX_gpu_pkg_NUM_REGS_BITS=6 VX_gpu_pkg_NUM_XREGS=2 VX_gpu_pkg_NW_BITS=1 VX_gpu_pkg_NW_WIDTH=1 VX_gpu_pkg_PC_BITS=30 VX_gpu_pkg_REG_TYPES=2 VX_gpu_pkg_RV_REGS=32 VX_gpu_pkg_UUID_WIDTH=1 VX_gpu_pkg_XLENB=4 VX_gpu_pkg_XLENB_W=2 _param_8A91B_BLOCK_IDX=0 _param_8A91B_NUM_LANES=2
** Note: accel-jit: synth 'alu_top' (top module 'alu_top') from 1 source(s)
** Note: accel-jit: synth 'alu_top' via rtlil builder (pid 521836)
** Note: vhdl2rtlil-census: begin alu_top
** Note: vhdl2rtlil-census: alu_top p0 begin L1389
** Note: vhdl2rtlil-census: alu_top p1 begin L1394
** Note: vhdl2rtlil-census: alu_top p2 begin L1399
** Note: vhdl2rtlil-census: alu_top p3 begin L1404
** Note: vhdl2rtlil-census: alu_top p4 begin L1409
** Note: vhdl2rtlil-census: alu_top p5 begin L1414
** Note: vhdl2rtlil-census: alu_top p6 begin L1554
** Note: vhdl2rtlil-census: alu_top p7 begin L1563
** Note: vhdl2rtlil-census: alu_top p8 begin L1572
** Note: vhdl2rtlil-census: alu_top p9 begin L1581
** Note: vhdl2rtlil-census: alu_top p10 begin L1590
** Note: vhdl2rtlil-census: alu_top p11 begin L1595
** Note: vhdl2rtlil-census: alu_top p12 begin L1604
** Note: vhdl2rtlil-census: alu_top p13 begin L1613
** Note: vhdl2rtlil-census: alu_top p14 begin L1622
** Note: vhdl2rtlil-census: alu_top p15 begin L1627
** Note: vhdl2rtlil-census: alu_top p16 begin L1632
** Note: vhdl2rtlil-census: alu_top p17 begin L1641
** Note: vhdl2rtlil-census: alu_top p18 begin L1650
** Note: vhdl2rtlil-census: alu_top p19 begin L1659
** Note: vhdl2rtlil-census: alu_top p20 begin L1668
** Note: vhdl2rtlil-census: alu_top p21 begin L1673
** Note: vhdl2rtlil-census: alu_top p22 begin L1678
** Note: vhdl2rtlil-census: alu_top p23 begin L1683
** Note: vhdl2rtlil-census: alu_top p24 begin L1706
** Note: vhdl2rtlil-census: alu_top p25 begin L1733
** Note: vhdl2rtlil-census: alu_top p26 begin L1751
** Note: vhdl2rtlil-census: alu_top p27 begin L1769
** Note: vhdl2rtlil-census: alu_top p28 begin L1832
** Note: vhdl2rtlil-census: alu_top p29 begin L1837
** Note: vhdl2rtlil-census: alu_top p30 begin L1842
** Note: vhdl2rtlil-census: alu_top p31 begin L1905
** Note: vhdl2rtlil-census: alu_top p32 begin L1910
** Note: vhdl2rtlil-census: alu_top p33 begin L1915
** Note: vhdl2rtlil-census: alu_top p34 begin L2032
** Note: vhdl2rtlil-census: alu_top p35 begin L2055
** Note: vhdl2rtlil-census: alu_top p36 begin L2060
** Note: vhdl2rtlil-census: alu_top p37 begin L2065
** Note: vhdl2rtlil-census: alu_top p38 begin L2074
** Note: vhdl2rtlil-census: alu_top p39 begin L2083
** Note: vhdl2rtlil-census: alu_top p40 begin L2092
** Note: vhdl2rtlil-census: alu_top p41 begin L2101
** Note: vhdl2rtlil-census: alu_top p42 begin L2124
** Note: vhdl2rtlil-census: alu_top p43 begin L2129
** Note: vhdl2rtlil-census: alu_top p44 begin L2134
** Note: vhdl2rtlil-census: alu_top p45 begin L2143
** Note: vhdl2rtlil-census: alu_top p46 begin L2152
** Note: vhdl2rtlil-census: alu_top p47 begin L2161
** Note: vhdl2rtlil-census: alu_top p48 begin L2200
** Note: vhdl2rtlil-census: alu_top p49 begin L2205
** Note: vhdl2rtlil-census: alu_top p50 begin L2210
** Note: vhdl2rtlil-census: alu_top p51 begin L2215
** Note: vhdl2rtlil-census: alu_top p52 begin L2220
** Note: vhdl2rtlil-census: alu_top p53 begin L2225
** Note: vhdl2rtlil-census: alu_top p54 begin L2230
** Note: vhdl2rtlil-census: alu_top p55 begin L2235
