** Note: accel-jit: params CORE_ID=0 VX_gpu_pkg_ALU_TYPE_BITS=2 VX_gpu_pkg_BAR_ADDR_BITS=4 VX_gpu_pkg_BAR_ADDR_W=4 VX_gpu_pkg_BAR_SIZE_W=5 VX_gpu_pkg_BYTESEL_BITS=4 VX_gpu_pkg_CTA_TID_LANE_BITS=6 VX_gpu_pkg_CTA_TID_WIDTH=2 VX_gpu_pkg_DV_STACK_SIZE=1 VX_gpu_pkg_DV_STACK_SIZEW=1 VX_gpu_pkg_EX_FPU=2 VX_gpu_pkg_EX_SFU=2 VX_gpu_pkg_EX_TCU=2 VX_gpu_pkg_HART_ID_BITS=2 VX_gpu_pkg_HART_ID_WIDTH=2 VX_gpu_pkg_INST_ARGS_BITS=27 VX_gpu_pkg_INST_FMT_BITS=2 VX_gpu_pkg_INST_FRM_BITS=3 VX_gpu_pkg_INST_LSU_BITS=4 VX_gpu_pkg_INST_OP_BITS=4 VX_gpu_pkg_ISSUE_WIS_BITS=1 VX_gpu_pkg_ISSUE_WIS_W=1 VX_gpu_pkg_LANE_LAUNCH_BITS=6 VX_gpu_pkg_LSU_ADDR_WIDTH=30 VX_gpu_pkg_LSU_CLIENT_TAG_WIDTH=62 VX_gpu_pkg_LSU_WORD_SIZE=4 VX_gpu_pkg_MEM_ATTR_WIDTH=12 VX_gpu_pkg_NB_BITS=3 VX_gpu_pkg_NB_WIDTH=3 VX_gpu_pkg_NCTA_BITS=1 VX_gpu_pkg_NCTA_WIDTH=1 VX_gpu_pkg_NC_BITS=0 VX_gpu_pkg_NC_WIDTH=1 VX_gpu_pkg_NT_BITS=1 VX_gpu_pkg_NUM_CTA_MAX=2 VX_gpu_pkg_NUM_EX_UNITS=3 VX_gpu_pkg_NUM_REGS=32 VX_gpu_pkg_NUM_REGS_BITS=5 VX_gpu_pkg_NUM_XREGS=2 VX_gpu_pkg_NW_BITS=1 VX_gpu_pkg_NW_WIDTH=1 VX_gpu_pkg_PC_BITS=30 VX_gpu_pkg_PERF_CTR_BITS=44 VX_gpu_pkg_PER_ISSUE_WARPS=2 VX_gpu_pkg_REG_TYPES=1 VX_gpu_pkg_RV_REGS=32 VX_gpu_pkg_SIMD_COUNT=1 VX_gpu_pkg_SIMD_IDX_BITS=0 VX_gpu_pkg_SIMD_IDX_W=1 VX_gpu_pkg_UUID_WIDTH=1 VX_gpu_pkg_VX_DCR_DATA_WIDTH=32 VX_gpu_pkg_XLENB=4 VX_gpu_pkg_XLENB_W=2 _bbase_07E29_branch_ctl_if=0 _bbase_07E29_commit_if=0 _bbase_07E29_dispatch_if=0 _bbase_07E29_lsu_client_if=0 _param_07E29_CORE_ID=0
** Note: accel-jit: synth 'exec_top' (top module 'exec_top') from 1 source(s)
** Note: accel-jit: synth 'exec_top' via rtlil builder (pid 521947)
** Note: vhdl2rtlil-census: begin exec_top
** Note: vhdl2rtlil-census: exec_top p0 begin L9478
** Note: vhdl2rtlil-census: exec_top p1 begin L9483
** Note: vhdl2rtlil-census: exec_top p2 begin L9488
** Note: vhdl2rtlil-census: exec_top p3 begin L9493
** Note: vhdl2rtlil-census: exec_top p4 begin L9498
** Note: vhdl2rtlil-census: exec_top p5 begin L9503
** Note: vhdl2rtlil-census: exec_top p6 begin L9508
** Note: vhdl2rtlil-census: exec_top p7 begin L9513
** Note: vhdl2rtlil-census: exec_top p8 begin L9518
** Note: vhdl2rtlil-census: exec_top p9 begin L9523
** Note: vhdl2rtlil-census: exec_top p10 begin L9528
** Note: vhdl2rtlil-census: exec_top p11 begin L9533
** Note: vhdl2rtlil-census: exec_top p12 begin L9538
** Note: vhdl2rtlil-census: exec_top p13 begin L9543
** Note: vhdl2rtlil-census: exec_top p14 begin L9548
** Note: vhdl2rtlil-census: exec_top p15 begin L9553
** Note: vhdl2rtlil-census: exec_top p16 begin L9558
** Note: vhdl2rtlil-census: exec_top p17 begin L9698
** Note: vhdl2rtlil-census: exec_top p18 begin L9707
** Note: vhdl2rtlil-census: exec_top p19 begin L9716
** Note: vhdl2rtlil-census: exec_top p20 begin L9725
** Note: vhdl2rtlil-census: exec_top p21 begin L9734
** Note: vhdl2rtlil-census: exec_top p22 begin L9739
** Note: vhdl2rtlil-census: exec_top p23 begin L9748
** Note: vhdl2rtlil-census: exec_top p24 begin L9757
** Note: vhdl2rtlil-census: exec_top p25 begin L9766
** Note: vhdl2rtlil-census: exec_top p26 begin L9771
** Note: vhdl2rtlil-census: exec_top p27 begin L9776
** Note: vhdl2rtlil-census: exec_top p28 begin L9785
** Note: vhdl2rtlil-census: exec_top p29 begin L9794
** Note: vhdl2rtlil-census: exec_top p30 begin L9803
** Note: vhdl2rtlil-census: exec_top p31 begin L9812
** Note: vhdl2rtlil-census: exec_top p32 begin L9817
** Note: vhdl2rtlil-census: exec_top p33 begin L9822
** Note: vhdl2rtlil-census: exec_top p34 begin L9827
** Note: vhdl2rtlil-census: exec_top p35 begin L9850
** Note: vhdl2rtlil-census: exec_top p36 begin L9877
** Note: vhdl2rtlil-census: exec_top p37 begin L9895
** Note: vhdl2rtlil-census: exec_top p38 begin L9913
** Note: vhdl2rtlil-census: exec_top p39 begin L9976
** Note: vhdl2rtlil-census: exec_top p40 begin L9981
** Note: vhdl2rtlil-census: exec_top p41 begin L9986
** Note: vhdl2rtlil-census: exec_top p42 begin L10049
** Note: vhdl2rtlil-census: exec_top p43 begin L10054
** Note: vhdl2rtlil-census: exec_top p44 begin L10059
** Note: vhdl2rtlil-census: exec_top p45 begin L10194
** Note: vhdl2rtlil-census: exec_top p46 begin L10199
** Note: vhdl2rtlil-census: exec_top p47 begin L10208
** Note: vhdl2rtlil-census: exec_top p48 begin L10217
** Note: vhdl2rtlil-census: exec_top p49 begin L10226
** Note: vhdl2rtlil-census: exec_top p50 begin L10253
** Note: vhdl2rtlil-census: exec_top p51 begin L10258
** Note: vhdl2rtlil-census: exec_top p52 begin L10267
** Note: vhdl2rtlil-census: exec_top p53 begin L10276
** Note: vhdl2rtlil-census: exec_top p54 begin L10285
** Note: vhdl2rtlil-census: exec_top p55 begin L10321
